This is pdfTeX, Version 3.141592653-2.6-1.40.26 (TeX Live 2024) (preloaded format=pdflatex 2024.7.13)  10 SEP 2024 21:15
entering extended mode
 restricted \write18 enabled.
 file:line:error style messages enabled.
 %&-line parsing enabled.
**"g:/Other computers/My Mac/Important/traffic-deep-learning-research/dissertation/drafts/draft1-ko/thesis/GRU_traffic.tex"
(g:/Other computers/My Mac/Important/traffic-deep-learning-research/dissertation/drafts/draft1-ko/thesis/GRU_traffic.tex
LaTeX2e <2024-06-01> patch level 2
L3 programming layer <2024-05-27>
(c:/texlive/2024/texmf-dist/tex/latex/base/report.cls
Document Class: report 2024/02/08 v1.4n Standard LaTeX document class
(c:/texlive/2024/texmf-dist/tex/latex/base/size11.clo
File: size11.clo 2024/02/08 v1.4n Standard LaTeX file (size option)
)
\c@part=\count194
\c@chapter=\count195
\c@section=\count196
\c@subsection=\count197
\c@subsubsection=\count198
\c@paragraph=\count199
\c@subparagraph=\count266
\c@figure=\count267
\c@table=\count268
\abovecaptionskip=\skip49
\belowcaptionskip=\skip50
\bibindent=\dimen141
) (c:/texlive/2024/texmf-dist/tex/latex/geometry/geometry.sty
Package: geometry 2020/01/02 v5.9 Page Geometry
 (c:/texlive/2024/texmf-dist/tex/latex/graphics/keyval.sty
Package: keyval 2022/05/29 v1.15 key=value parser (DPC)
\KV@toks@=\toks17
) (c:/texlive/2024/texmf-dist/tex/generic/iftex/ifvtex.sty
Package: ifvtex 2019/10/25 v1.7 ifvtex legacy package. Use iftex instead.
 (c:/texlive/2024/texmf-dist/tex/generic/iftex/iftex.sty
Package: iftex 2022/02/03 v1.0f TeX engine tests
))
\Gm@cnth=\count269
\Gm@cntv=\count270
\c@Gm@tempcnt=\count271
\Gm@bindingoffset=\dimen142
\Gm@wd@mp=\dimen143
\Gm@odd@mp=\dimen144
\Gm@even@mp=\dimen145
\Gm@layoutwidth=\dimen146
\Gm@layoutheight=\dimen147
\Gm@layouthoffset=\dimen148
\Gm@layoutvoffset=\dimen149
\Gm@dimlist=\toks18
) (c:/texlive/2024/texmf-dist/tex/latex/graphics/graphicx.sty
Package: graphicx 2021/09/16 v1.2d Enhanced LaTeX Graphics (DPC,SPQR)
 (c:/texlive/2024/texmf-dist/tex/latex/graphics/graphics.sty
Package: graphics 2024/05/23 v1.4g Standard LaTeX Graphics (DPC,SPQR)
 (c:/texlive/2024/texmf-dist/tex/latex/graphics/trig.sty
Package: trig 2023/12/02 v1.11 sin cos tan (DPC)
) (c:/texlive/2024/texmf-dist/tex/latex/graphics-cfg/graphics.cfg
File: graphics.cfg 2016/06/04 v1.11 sample graphics configuration
)
Package graphics Info: Driver file: pdftex.def on input line 106.
 (c:/texlive/2024/texmf-dist/tex/latex/graphics-def/pdftex.def
File: pdftex.def 2024/04/13 v1.2c Graphics/color driver for pdftex
))
\Gin@req@height=\dimen150
\Gin@req@width=\dimen151
) (c:/texlive/2024/texmf-dist/tex/latex/cjk-ko/kotex.sty
Package: kotex 2015/04/19 v1.6 Korean TeX (ko.TeX)
 (c:/texlive/2024/texmf-dist/tex/latex/kotex-utf/kotex.cfg) (c:/texlive/2024/texmf-dist/tex/latex/kotex-utf/kotexutf.sty
Package: kotexutf 2022/06/22 v3.0.0 typesetting UTF-8 Korean documents
 (c:/texlive/2024/texmf-dist/tex/latex/base/inputenc.sty
Package: inputenc 2024/02/08 v1.3d Input encoding file
\inpenc@prehook=\toks19
\inpenc@posthook=\toks20
) (c:/texlive/2024/texmf-dist/tex/plain/kotex-plain/kotexutf-core.tex
\unih@ngulpoint=\count272
\dhucs@emph@raise=\dimen152
)
Now handling font encoding LUC ...
... processing UTF-8 mapping file for font encoding LUC
 (c:/texlive/2024/texmf-dist/tex/latex/kotex-utf/lucenc.dfu
File: lucenc.dfu 2007/09/05 UTF-8 support for dhucs
   defining Unicode char U+00B7 (decimal 183)
   defining Unicode char U+2018 (decimal 8216)
   defining Unicode char U+2019 (decimal 8217)
   defining Unicode char U+201C (decimal 8220)
   defining Unicode char U+201D (decimal 8221)
   defining Unicode char U+3001 (decimal 12289)
   defining Unicode char U+3002 (decimal 12290)
   defining Unicode char U+3008 (decimal 12296)
   defining Unicode char U+3009 (decimal 12297)
   defining Unicode char U+300A (decimal 12298)
   defining Unicode char U+300B (decimal 12299)
   defining Unicode char U+300C (decimal 12300)
   defining Unicode char U+300D (decimal 12301)
   defining Unicode char U+300E (decimal 12302)
   defining Unicode char U+300F (decimal 12303)
   defining Unicode char U+3010 (decimal 12304)
   defining Unicode char U+3011 (decimal 12305)
   defining Unicode char U+3014 (decimal 12308)
   defining Unicode char U+3015 (decimal 12309)
   defining Unicode char U+3016 (decimal 12310)
   defining Unicode char U+3017 (decimal 12311)
   defining Unicode char U+3018 (decimal 12312)
   defining Unicode char U+3019 (decimal 12313)
   defining Unicode char U+301A (decimal 12314)
   defining Unicode char U+301B (decimal 12315)
   defining Unicode char U+FF01 (decimal 65281)
   defining Unicode char U+FF08 (decimal 65288)
   defining Unicode char U+FF09 (decimal 65289)
   defining Unicode char U+FF0C (decimal 65292)
   defining Unicode char U+FF0E (decimal 65294)
   defining Unicode char U+FF1A (decimal 65306)
   defining Unicode char U+FF1B (decimal 65307)
   defining Unicode char U+FF1C (decimal 65308)
   defining Unicode char U+FF1D (decimal 65309)
   defining Unicode char U+FF1E (decimal 65310)
   defining Unicode char U+FF1F (decimal 65311)
   defining Unicode char U+FF3B (decimal 65339)
   defining Unicode char U+FF3D (decimal 65341)
   defining Unicode char U+FF5B (decimal 65371)
   defining Unicode char U+FF5D (decimal 65373)
   defining Unicode char U+FF61 (decimal 65377)
   defining Unicode char U+FF62 (decimal 65378)
   defining Unicode char U+FF63 (decimal 65379)
   defining Unicode char U+FF64 (decimal 65380)
   defining Unicode char U+FF65 (decimal 65381)
)
\@josa=\count273
\josatoks=\toks21
 (c:/texlive/2024/texmf-dist/tex/latex/cjk-ko/kolabels-utf.sty
Package: kolabels-utf 2015/03/20 v1.5 UTF-8 Hangul item labels
))) (c:/texlive/2024/texmf-dist/tex/latex/imakeidx/imakeidx.sty
Package: imakeidx 2016/10/15 v1.3e Package for typesetting indices in a synchronous mode
 (c:/texlive/2024/texmf-dist/tex/latex/xkeyval/xkeyval.sty
Package: xkeyval 2022/06/16 v2.9 package option processing (HA)
 (c:/texlive/2024/texmf-dist/tex/generic/xkeyval/xkeyval.tex (c:/texlive/2024/texmf-dist/tex/generic/xkeyval/xkvutils.tex
\XKV@toks=\toks22
\XKV@tempa@toks=\toks23
)
\XKV@depth=\count274
File: xkeyval.tex 2014/12/03 v2.7a key=value parser (HA)
)) (c:/texlive/2024/texmf-dist/tex/generic/iftex/ifxetex.sty
Package: ifxetex 2019/10/25 v0.7 ifxetex legacy package. Use iftex instead.
) (c:/texlive/2024/texmf-dist/tex/generic/iftex/ifluatex.sty
Package: ifluatex 2019/10/25 v1.5 ifluatex legacy package. Use iftex instead.
) (c:/texlive/2024/texmf-dist/tex/latex/tools/multicol.sty
Package: multicol 2024/05/23 v1.9h multicolumn formatting (FMi)
\c@tracingmulticols=\count275
\mult@box=\box52
\multicol@leftmargin=\dimen153
\c@unbalance=\count276
\c@collectmore=\count277
\doublecol@number=\count278
\multicoltolerance=\count279
\multicolpretolerance=\count280
\full@width=\dimen154
\page@free=\dimen155
\premulticols=\dimen156
\postmulticols=\dimen157
\multicolsep=\skip51
\multicolbaselineskip=\skip52
\partial@page=\box53
\last@line=\box54
\mc@boxedresult=\box55
\maxbalancingoverflow=\dimen158
\mult@rightbox=\box56
\mult@grightbox=\box57
\mult@firstbox=\box58
\mult@gfirstbox=\box59
\@tempa=\box60
\@tempa=\box61
\@tempa=\box62
\@tempa=\box63
\@tempa=\box64
\@tempa=\box65
\@tempa=\box66
\@tempa=\box67
\@tempa=\box68
\@tempa=\box69
\@tempa=\box70
\@tempa=\box71
\@tempa=\box72
\@tempa=\box73
\@tempa=\box74
\@tempa=\box75
\@tempa=\box76
\@tempa=\box77
\@tempa=\box78
\@tempa=\box79
\@tempa=\box80
\@tempa=\box81
\@tempa=\box82
\@tempa=\box83
\@tempa=\box84
\@tempa=\box85
\@tempa=\box86
\@tempa=\box87
\@tempa=\box88
\@tempa=\box89
\@tempa=\box90
\@tempa=\box91
\@tempa=\box92
\@tempa=\box93
\@tempa=\box94
\@tempa=\box95
\c@minrows=\count281
\c@columnbadness=\count282
\c@finalcolumnbadness=\count283
\last@try=\dimen159
\multicolovershoot=\dimen160
\multicolundershoot=\dimen161
\mult@nat@firstbox=\box96
\colbreak@box=\box97
\mc@col@check@num=\count284
)) (c:/texlive/2024/texmf-dist/tex/latex/titlesec/titlesec.sty
Package: titlesec 2023/10/27 v2.16 Sectioning titles
\ttl@box=\box98
\beforetitleunit=\skip53
\aftertitleunit=\skip54
\ttl@plus=\dimen162
\ttl@minus=\dimen163
\ttl@toksa=\toks24
\titlewidth=\dimen164
\titlewidthlast=\dimen165
\titlewidthfirst=\dimen166
) (c:/texlive/2024/texmf-dist/tex/latex/tools/array.sty
Package: array 2024/06/14 v2.6d Tabular extension package (FMi)
\col@sep=\dimen167
\ar@mcellbox=\box99
\extrarowheight=\dimen168
\NC@list=\toks25
\extratabsurround=\skip55
\backup@length=\skip56
\ar@cellbox=\box100
) (c:/texlive/2024/texmf-dist/tex/latex/amsmath/amsmath.sty
Package: amsmath 2024/05/23 v2.17q AMS math features
\@mathmargin=\skip57

For additional information on amsmath, use the `?' option.
(c:/texlive/2024/texmf-dist/tex/latex/amsmath/amstext.sty
Package: amstext 2021/08/26 v2.01 AMS text
 (c:/texlive/2024/texmf-dist/tex/latex/amsmath/amsgen.sty
File: amsgen.sty 1999/11/30 v2.0 generic functions
\@emptytoks=\toks26
\ex@=\dimen169
)) (c:/texlive/2024/texmf-dist/tex/latex/amsmath/amsbsy.sty
Package: amsbsy 1999/11/29 v1.2d Bold Symbols
\pmbraise@=\dimen170
) (c:/texlive/2024/texmf-dist/tex/latex/amsmath/amsopn.sty
Package: amsopn 2022/04/08 v2.04 operator names
)
\inf@bad=\count285
LaTeX Info: Redefining \frac on input line 233.
\uproot@=\count286
\leftroot@=\count287
LaTeX Info: Redefining \overline on input line 398.
LaTeX Info: Redefining \colon on input line 409.
\classnum@=\count288
\DOTSCASE@=\count289
LaTeX Info: Redefining \ldots on input line 495.
LaTeX Info: Redefining \dots on input line 498.
LaTeX Info: Redefining \cdots on input line 619.
\Mathstrutbox@=\box101
\strutbox@=\box102
LaTeX Info: Redefining \big on input line 721.
LaTeX Info: Redefining \Big on input line 722.
LaTeX Info: Redefining \bigg on input line 723.
LaTeX Info: Redefining \Bigg on input line 724.
\big@size=\dimen171
LaTeX Font Info:    Redeclaring font encoding OML on input line 742.
LaTeX Font Info:    Redeclaring font encoding OMS on input line 743.
\macc@depth=\count290
LaTeX Info: Redefining \bmod on input line 904.
LaTeX Info: Redefining \pmod on input line 909.
LaTeX Info: Redefining \smash on input line 939.
LaTeX Info: Redefining \relbar on input line 969.
LaTeX Info: Redefining \Relbar on input line 970.
\c@MaxMatrixCols=\count291
\dotsspace@=\muskip17
\c@parentequation=\count292
\dspbrk@lvl=\count293
\tag@help=\toks27
\row@=\count294
\column@=\count295
\maxfields@=\count296
\andhelp@=\toks28
\eqnshift@=\dimen172
\alignsep@=\dimen173
\tagshift@=\dimen174
\tagwidth@=\dimen175
\totwidth@=\dimen176
\lineht@=\dimen177
\@envbody=\toks29
\multlinegap=\skip58
\multlinetaggap=\skip59
\mathdisplay@stack=\toks30
LaTeX Info: Redefining \[ on input line 2953.
LaTeX Info: Redefining \] on input line 2954.
) (c:/texlive/2024/texmf-dist/tex/latex/amscls/amsthm.sty
Package: amsthm 2020/05/29 v2.20.6
\thm@style=\toks31
\thm@bodyfont=\toks32
\thm@headfont=\toks33
\thm@notefont=\toks34
\thm@headpunct=\toks35
\thm@preskip=\skip60
\thm@postskip=\skip61
\thm@headsep=\skip62
\dth@everypar=\toks36
) (c:/texlive/2024/texmf-dist/tex/latex/amsfonts/amssymb.sty
Package: amssymb 2013/01/14 v3.01 AMS font symbols
 (c:/texlive/2024/texmf-dist/tex/latex/amsfonts/amsfonts.sty
Package: amsfonts 2013/01/14 v3.01 Basic AMSFonts support
\symAMSa=\mathgroup4
\symAMSb=\mathgroup5
LaTeX Font Info:    Redeclaring math symbol \hbar on input line 98.
LaTeX Font Info:    Overwriting math alphabet `\mathfrak' in version `bold'
(Font)                  U/euf/m/n --> U/euf/b/n on input line 106.
)) (c:/texlive/2024/texmf-dist/tex/latex/jknapltx/mathrsfs.sty
Package: mathrsfs 1996/01/01 Math RSFS package v1.0 (jk)
\symrsfs=\mathgroup6
) (c:/texlive/2024/texmf-dist/tex/latex/multirow/multirow.sty
Package: multirow 2021/03/15 v2.8 Span multiple rows of a table
\multirow@colwidth=\skip63
\multirow@cntb=\count297
\multirow@dima=\skip64
\bigstrutjot=\dimen178
) (c:/texlive/2024/texmf-dist/tex/latex/tools/verbatim.sty
Package: verbatim 2024-01-22 v1.5x LaTeX2e package for verbatim enhancements
\every@verbatim=\toks37
\verbatim@line=\toks38
\verbatim@in@stream=\read2
) (c:/texlive/2024/texmf-dist/tex/latex/xurl/xurl.sty
Package: xurl 2022/01/09 v 0.10 modify URL breaks
 (c:/texlive/2024/texmf-dist/tex/latex/url/url.sty
\Urlmuskip=\muskip18
Package: url 2013/09/16  ver 3.4  Verb mode for urls, etc.
)) (c:/texlive/2024/texmf-dist/tex/latex/tools/indentfirst.sty
Package: indentfirst 2023/07/02 v1.03 Indent first paragraph (DPC)
) (c:/texlive/2024/texmf-dist/tex/latex/booktabs/booktabs.sty
Package: booktabs 2020/01/12 v1.61803398 Publication quality tables
\heavyrulewidth=\dimen179
\lightrulewidth=\dimen180
\cmidrulewidth=\dimen181
\belowrulesep=\dimen182
\belowbottomsep=\dimen183
\aboverulesep=\dimen184
\abovetopsep=\dimen185
\cmidrulesep=\dimen186
\cmidrulekern=\dimen187
\defaultaddspace=\dimen188
\@cmidla=\count298
\@cmidlb=\count299
\@aboverulesep=\dimen189
\@belowrulesep=\dimen190
\@thisruleclass=\count300
\@lastruleclass=\count301
\@thisrulewidth=\dimen191
) (c:/texlive/2024/texmf-dist/tex/latex/ragged2e/ragged2e.sty
Package: ragged2e 2023/06/22 v3.6 ragged2e Package
\CenteringLeftskip=\skip65
\RaggedLeftLeftskip=\skip66
\RaggedRightLeftskip=\skip67
\CenteringRightskip=\skip68
\RaggedLeftRightskip=\skip69
\RaggedRightRightskip=\skip70
\CenteringParfillskip=\skip71
\RaggedLeftParfillskip=\skip72
\RaggedRightParfillskip=\skip73
\JustifyingParfillskip=\skip74
\CenteringParindent=\skip75
\RaggedLeftParindent=\skip76
\RaggedRightParindent=\skip77
\JustifyingParindent=\skip78
) (c:/texlive/2024/texmf-dist/tex/latex/setspace/setspace.sty
Package: setspace 2022/12/04 v6.7b set line spacing
) (c:/texlive/2024/texmf-dist/tex/latex/hyperref/hyperref.sty
Package: hyperref 2024-07-10 v7.01j Hypertext links for LaTeX
 (c:/texlive/2024/texmf-dist/tex/latex/kvsetkeys/kvsetkeys.sty
Package: kvsetkeys 2022-10-05 v1.19 Key value parser (HO)
) (c:/texlive/2024/texmf-dist/tex/generic/kvdefinekeys/kvdefinekeys.sty
Package: kvdefinekeys 2019-12-19 v1.6 Define keys (HO)
) (c:/texlive/2024/texmf-dist/tex/generic/pdfescape/pdfescape.sty
Package: pdfescape 2019/12/09 v1.15 Implements pdfTeX's escape features (HO)
 (c:/texlive/2024/texmf-dist/tex/generic/ltxcmds/ltxcmds.sty
Package: ltxcmds 2023-12-04 v1.26 LaTeX kernel commands for general use (HO)
) (c:/texlive/2024/texmf-dist/tex/generic/pdftexcmds/pdftexcmds.sty
Package: pdftexcmds 2020-06-27 v0.33 Utility functions of pdfTeX for LuaTeX (HO)
 (c:/texlive/2024/texmf-dist/tex/generic/infwarerr/infwarerr.sty
Package: infwarerr 2019/12/03 v1.5 Providing info/warning/error messages (HO)
)
Package pdftexcmds Info: \pdf@primitive is available.
Package pdftexcmds Info: \pdf@ifprimitive is available.
Package pdftexcmds Info: \pdfdraftmode found.
)) (c:/texlive/2024/texmf-dist/tex/latex/hycolor/hycolor.sty
Package: hycolor 2020-01-27 v1.10 Color options for hyperref/bookmark (HO)
) (c:/texlive/2024/texmf-dist/tex/latex/hyperref/nameref.sty
Package: nameref 2023-11-26 v2.56 Cross-referencing by name of section
 (c:/texlive/2024/texmf-dist/tex/latex/refcount/refcount.sty
Package: refcount 2019/12/15 v3.6 Data extraction from label references (HO)
) (c:/texlive/2024/texmf-dist/tex/generic/gettitlestring/gettitlestring.sty
Package: gettitlestring 2019/12/15 v1.6 Cleanup title references (HO)
 (c:/texlive/2024/texmf-dist/tex/latex/kvoptions/kvoptions.sty
Package: kvoptions 2022-06-15 v3.15 Key value format for package options (HO)
))
\c@section@level=\count302
) (c:/texlive/2024/texmf-dist/tex/latex/etoolbox/etoolbox.sty
Package: etoolbox 2020/10/05 v2.5k e-TeX tools for LaTeX (JAW)
\etb@tempcnta=\count303
) (c:/texlive/2024/texmf-dist/tex/generic/stringenc/stringenc.sty
Package: stringenc 2019/11/29 v1.12 Convert strings between diff. encodings (HO)
)
\@linkdim=\dimen192
\Hy@linkcounter=\count304
\Hy@pagecounter=\count305
 (c:/texlive/2024/texmf-dist/tex/latex/hyperref/pd1enc.def
File: pd1enc.def 2024-07-10 v7.01j Hyperref: PDFDocEncoding definition (HO)
Now handling font encoding PD1 ...
... no UTF-8 mapping file for font encoding PD1
) (c:/texlive/2024/texmf-dist/tex/generic/intcalc/intcalc.sty
Package: intcalc 2019/12/15 v1.3 Expandable calculations with integers (HO)
)
\Hy@SavedSpaceFactor=\count306
 (c:/texlive/2024/texmf-dist/tex/latex/hyperref/puenc.def
File: puenc.def 2024-07-10 v7.01j Hyperref: PDF Unicode definition (HO)
Now handling font encoding PU ...
... no UTF-8 mapping file for font encoding PU
)
Package hyperref Info: Hyper figures OFF on input line 4157.
Package hyperref Info: Link nesting OFF on input line 4162.
Package hyperref Info: Hyper index ON on input line 4165.
Package hyperref Info: Plain pages OFF on input line 4172.
Package hyperref Info: Backreferencing OFF on input line 4177.
Package hyperref Info: Implicit mode ON; LaTeX internals redefined.
Package hyperref Info: Bookmarks ON on input line 4424.
\c@Hy@tempcnt=\count307
LaTeX Info: Redefining \url on input line 4763.
\XeTeXLinkMargin=\dimen193
 (c:/texlive/2024/texmf-dist/tex/generic/bitset/bitset.sty
Package: bitset 2019/12/09 v1.3 Handle bit-vector datatype (HO)
 (c:/texlive/2024/texmf-dist/tex/generic/bigintcalc/bigintcalc.sty
Package: bigintcalc 2019/12/15 v1.5 Expandable calculations on big integers (HO)
))
\Fld@menulength=\count308
\Field@Width=\dimen194
\Fld@charsize=\dimen195
Package hyperref Info: Hyper figures OFF on input line 6042.
Package hyperref Info: Link nesting OFF on input line 6047.
Package hyperref Info: Hyper index ON on input line 6050.
Package hyperref Info: backreferencing OFF on input line 6057.
Package hyperref Info: Link coloring OFF on input line 6062.
Package hyperref Info: Link coloring with OCG OFF on input line 6067.
Package hyperref Info: PDF/A mode OFF on input line 6072.
 (c:/texlive/2024/texmf-dist/tex/latex/base/atbegshi-ltx.sty
Package: atbegshi-ltx 2021/01/10 v1.0c Emulation of the original atbegshi
package with kernel methods
)
\Hy@abspage=\count309
\c@Item=\count310
\c@Hfootnote=\count311
)
Package hyperref Info: Driver (autodetected): hpdftex.
 (c:/texlive/2024/texmf-dist/tex/latex/hyperref/hpdftex.def
File: hpdftex.def 2024-07-10 v7.01j Hyperref driver for pdfTeX
 (c:/texlive/2024/texmf-dist/tex/latex/base/atveryend-ltx.sty
Package: atveryend-ltx 2020/08/19 v1.0a Emulation of the original atveryend package
with kernel methods
)
\Fld@listcount=\count312
\c@bookmark@seq@number=\count313
 (c:/texlive/2024/texmf-dist/tex/latex/rerunfilecheck/rerunfilecheck.sty
Package: rerunfilecheck 2022-07-10 v1.10 Rerun checks for auxiliary files (HO)
 (c:/texlive/2024/texmf-dist/tex/generic/uniquecounter/uniquecounter.sty
Package: uniquecounter 2019/12/15 v1.4 Provide unlimited unique counter (HO)
)
Package uniquecounter Info: New unique counter `rerunfilecheck' on input line 285.
)
\Hy@SectionHShift=\skip79
) (c:/texlive/2024/texmf-dist/tex/latex/xcolor/xcolor.sty
Package: xcolor 2023/11/15 v3.01 LaTeX color extensions (UK)
 (c:/texlive/2024/texmf-dist/tex/latex/graphics-cfg/color.cfg
File: color.cfg 2016/01/02 v1.6 sample color configuration
)
Package xcolor Info: Driver file: pdftex.def on input line 274.
 (c:/texlive/2024/texmf-dist/tex/latex/graphics/mathcolor.ltx)
Package xcolor Info: Model `cmy' substituted by `cmy0' on input line 1350.
Package xcolor Info: Model `hsb' substituted by `rgb' on input line 1354.
Package xcolor Info: Model `RGB' extended on input line 1366.
Package xcolor Info: Model `HTML' substituted by `rgb' on input line 1368.
Package xcolor Info: Model `Hsb' substituted by `hsb' on input line 1369.
Package xcolor Info: Model `tHsb' substituted by `hsb' on input line 1370.
Package xcolor Info: Model `HSB' substituted by `hsb' on input line 1371.
Package xcolor Info: Model `Gray' substituted by `gray' on input line 1372.
Package xcolor Info: Model `wave' substituted by `hsb' on input line 1373.
) (c:/texlive/2024/texmf-dist/tex/latex/colortbl/colortbl.sty
Package: colortbl 2024/07/06 v1.0i Color table columns (DPC)
\everycr=\toks39
\minrowclearance=\skip80
\rownum=\count314
) (c:/texlive/2024/texmf-dist/tex/latex/listings/listings.sty
\lst@mode=\count315
\lst@gtempboxa=\box103
\lst@token=\toks40
\lst@length=\count316
\lst@currlwidth=\dimen196
\lst@column=\count317
\lst@pos=\count318
\lst@lostspace=\dimen197
\lst@width=\dimen198
\lst@newlines=\count319
\lst@lineno=\count320
\lst@maxwidth=\dimen199
 (c:/texlive/2024/texmf-dist/tex/latex/listings/lstpatch.sty
File: lstpatch.sty 2024/05/25 1.10b (Carsten Heinz)
) (c:/texlive/2024/texmf-dist/tex/latex/listings/lstmisc.sty
File: lstmisc.sty 2024/05/25 1.10b (Carsten Heinz)
\c@lstnumber=\count321
\lst@skipnumbers=\count322
\lst@framebox=\box104
) (c:/texlive/2024/texmf-dist/tex/latex/listings/listings.cfg
File: listings.cfg 2024/05/25 1.10b listings configuration
))
Package: listings 2024/05/25 1.10b (Carsten Heinz)
\c@theorem=\count323
\c@definition=\count324
\GRU_traffic@idxfile=\write3
\openout3 = `GRU_traffic.idx'.


Writing index file GRU_traffic.idx
(c:/texlive/2024/texmf-dist/tex/latex/l3backend/l3backend-pdftex.def
File: l3backend-pdftex.def 2024-05-08 L3 backend support: PDF output (pdfTeX)
\l__color_backend_stack_int=\count325
\l__pdf_internal_box=\box105
)
No file GRU_traffic.aux.
\openout1 = `GRU_traffic.aux'.

LaTeX Font Info:    Checking defaults for OML/cmm/m/it on input line 30.
LaTeX Font Info:    ... okay on input line 30.
LaTeX Font Info:    Checking defaults for OMS/cmsy/m/n on input line 30.
LaTeX Font Info:    ... okay on input line 30.
LaTeX Font Info:    Checking defaults for OT1/cmr/m/n on input line 30.
LaTeX Font Info:    ... okay on input line 30.
LaTeX Font Info:    Checking defaults for T1/cmr/m/n on input line 30.
LaTeX Font Info:    ... okay on input line 30.
LaTeX Font Info:    Checking defaults for TS1/cmr/m/n on input line 30.
LaTeX Font Info:    ... okay on input line 30.
LaTeX Font Info:    Checking defaults for OMX/cmex/m/n on input line 30.
LaTeX Font Info:    ... okay on input line 30.
LaTeX Font Info:    Checking defaults for U/cmr/m/n on input line 30.
LaTeX Font Info:    ... okay on input line 30.
LaTeX Font Info:    Checking defaults for LUC/nanummj/m/n on input line 30.
LaTeX Font Info:    Trying to load font information for LUC+nanummj on input line 30.
(c:/texlive/2024/texmf-dist/tex/latex/nanumtype1/lucnanummj.fd
File: lucnanummj.fd 2013/02/12 v0.1 Nanum Myeongjo font definitions
)
LaTeX Font Info:    ... okay on input line 30.
LaTeX Font Info:    Checking defaults for PD1/pdf/m/n on input line 30.
LaTeX Font Info:    ... okay on input line 30.
LaTeX Font Info:    Checking defaults for PU/pdf/m/n on input line 30.
LaTeX Font Info:    ... okay on input line 30.

*geometry* driver: auto-detecting
*geometry* detected driver: pdftex
*geometry* verbose mode - [ preamble ] result:
* driver: pdftex
* paper: b5paper
* layout: <same size as paper>
* layoutoffset:(h,v)=(0.0pt,0.0pt)
* modes: 
* h-part:(L,W,R)=(85.35826pt, 330.05197pt, 85.35826pt)
* v-part:(T,H,B)=(85.35826pt, 540.60237pt, 85.35826pt)
* \paperwidth=500.7685pt
* \paperheight=711.3189pt
* \textwidth=330.05197pt
* \textheight=540.60237pt
* \oddsidemargin=13.08827pt
* \evensidemargin=13.08827pt
* \topmargin=-23.91173pt
* \headheight=12.0pt
* \headsep=25.0pt
* \topskip=11.0pt
* \footskip=30.0pt
* \marginparwidth=59.0pt
* \marginparsep=10.0pt
* \columnsep=10.0pt
* \skip\footins=10.0pt plus 4.0pt minus 2.0pt
* \hoffset=0.0pt
* \voffset=0.0pt
* \mag=1000
* \@twocolumnfalse
* \@twosidefalse
* \@mparswitchfalse
* \@reversemarginfalse
* (1in=72.27pt=25.4mm, 1cm=28.453pt)

(c:/texlive/2024/texmf-dist/tex/context/base/mkii/supp-pdf.mkii
[Loading MPS to PDF converter (version 2006.09.02).]
\scratchcounter=\count326
\scratchdimen=\dimen256
\scratchbox=\box106
\nofMPsegments=\count327
\nofMParguments=\count328
\everyMPshowfont=\toks41
\MPscratchCnt=\count329
\MPscratchDim=\dimen257
\MPnumerator=\count330
\makeMPintoPDFobject=\count331
\everyMPtoPDFconversion=\toks42
) (c:/texlive/2024/texmf-dist/tex/latex/epstopdf-pkg/epstopdf-base.sty
Package: epstopdf-base 2020-01-24 v2.11 Base part for package epstopdf
Package epstopdf-base Info: Redefining graphics rule for `.eps' on input line 485.
 (c:/texlive/2024/texmf-dist/tex/latex/latexconfig/epstopdf-sys.cfg
File: epstopdf-sys.cfg 2010/07/13 v1.3 Configuration of (r)epstopdf for TeX Live
))
Package hyperref Info: Link coloring OFF on input line 30.
\@outlinefile=\write4
\openout4 = `GRU_traffic.out'.

\c@lstlisting=\count332


LaTeX Font Warning: Font shape `OT1/cmr/m/n' in size <16> not available
(Font)              size <17.28> substituted on input line 36.



[1

{c:/texlive/2024/texmf-var/fonts/map/pdftex/updmap/pdftex.map}]

Package geometry Warning: `b5paper': not available in `\newgeometry'; skipped.

*geometry* verbose mode - [ newgeometry ] result:
* driver: pdftex
* paper: b5paper
* layout: <same size as paper>
* layoutoffset:(h,v)=(0.0pt,0.0pt)
* modes: 
* h-part:(L,W,R)=(56.9055pt, 386.95749pt, 56.9055pt)
* v-part:(T,H,B)=(85.35826pt, 540.60237pt, 85.35826pt)
* \paperwidth=500.7685pt
* \paperheight=711.3189pt
* \textwidth=386.95749pt
* \textheight=540.60237pt
* \oddsidemargin=-15.36449pt
* \evensidemargin=-15.36449pt
* \topmargin=-23.91173pt
* \headheight=12.0pt
* \headsep=25.0pt
* \topskip=11.0pt
* \footskip=30.0pt
* \marginparwidth=59.0pt
* \marginparsep=10.0pt
* \columnsep=10.0pt
* \skip\footins=10.0pt plus 4.0pt minus 2.0pt
* \hoffset=0.0pt
* \voffset=0.0pt
* \mag=1000
* \@twocolumnfalse
* \@twosidefalse
* \@mparswitchfalse
* \@reversemarginfalse
* (1in=72.27pt=25.4mm, 1cm=28.453pt)



[1

]

[2]
No file GRU_traffic.toc.
\tf@toc=\write5
\openout5 = `GRU_traffic.toc'.



[3

]
No file GRU_traffic.lot.
\tf@lot=\write6
\openout6 = `GRU_traffic.lot'.



[4

]
No file GRU_traffic.lof.
\tf@lof=\write7
\openout7 = `GRU_traffic.lof'.



[5

]

LaTeX Warning: Citation `2023_road_status_report' on page 1 undefined on input line 218.


LaTeX Warning: Citation `2023_road_traffic_survey' on page 1 undefined on input line 220.


LaTeX Warning: Citation `1994_2012_traffic_cost' on page 1 undefined on input line 227.


LaTeX Warning: Citation `2013_2021_traffic_cost' on page 1 undefined on input line 227.


LaTeX Warning: Citation `10.1115/1.3662552' on page 1 undefined on input line 232.


LaTeX Warning: Citation `chain' on page 1 undefined on input line 232.


LaTeX Warning: Citation `lighthill1955kinematic' on page 1 undefined on input line 232.


LaTeX Warning: Citation `richards1956shock' on page 1 undefined on input line 232.


LaTeX Warning: Citation `box2015time' on page 1 undefined on input line 233.


LaTeX Warning: Citation `Combining-kohonen-maps-with-arima-time-series-models-to-forecast-traffic-flow' on page 1 undefined on input line 233.


LaTeX Warning: Citation `5690910' on page 1 undefined on input line 234.


LaTeX Warning: Citation `kumarShorttermTrafficFlow2015' on page 1 undefined on input line 234.


LaTeX Warning: Citation `Deep-learning-for-short-term-traffic-flow-prediction' on page 1 undefined on input line 238.


LaTeX Warning: Citation `A_Neural_Network_Based_Traffic_Flow_Prediction_Model' on page 1 undefined on input line 238.


LaTeX Warning: Citation `Deep-Neural-Networks-for-traffic-flow-prediction' on page 1 undefined on input line 238.


LaTeX Warning: Citation `A-traffic-flow-forecasting-model-based-on-BP-neural-network' on page 1 undefined on input line 239.


LaTeX Warning: Citation `Short-term-traffi-flow-prediction-with-LSTM-recurrent-neural-network' on page 1 undefined on input line 239.


LaTeX Warning: Citation `Predicting-Short-Term-Traffic-Flow-by-Long-Short-Term-Memory-Recurrent-Neural-Network' on page 1 undefined on input line 240.


LaTeX Warning: Citation `Using-LSTM-and-GRU-neural-network-methods-for-traffic-flow-prediction' on page 1 undefined on input line 240.


LaTeX Warning: Citation `Accurate-Multisteps-Traffic-Flow-Prediction-Based-on-SVM' on page 1 undefined on input line 241.


LaTeX Warning: Citation `Short-Term-Traffic-Flow-Combined-Forecasting-Model-Based-on-SVM' on page 1 undefined on input line 241.


LaTeX Warning: Citation `A-Short-Term-Traffic-Flow-Prediction-Method-Based-on-SVR' on page 1 undefined on input line 242.


LaTeX Warning: Citation `hopfield1982neural' on page 1 undefined on input line 242.


LaTeX Warning: Citation `cortes1995support' on page 1 undefined on input line 242.


LaTeX Warning: Citation `vapnik2013nature' on page 1 undefined on input line 242.


LaTeX Warning: Citation `lighthill1955kinematic' on page 1 undefined on input line 249.


LaTeX Warning: Citation `richards1956shock' on page 1 undefined on input line 250.


LaTeX Warning: Citation `newell1961nonlinear' on page 1 undefined on input line 250.


LaTeX Warning: Citation `PhysRevLett.81.3797' on page 1 undefined on input line 251.


LaTeX Warning: Citation `doi:10.3141/1678-20' on page 1 undefined on input line 251.


LaTeX Warning: Citation `cho2014learning' on page 1 undefined on input line 251.



[1

]

[2]
LaTeX Font Info:    Trying to load font information for U+msa on input line 292.
 (c:/texlive/2024/texmf-dist/tex/latex/amsfonts/umsa.fd
File: umsa.fd 2013/01/14 v3.01 AMS symbols A
)
LaTeX Font Info:    Trying to load font information for U+msb on input line 292.
 (c:/texlive/2024/texmf-dist/tex/latex/amsfonts/umsb.fd
File: umsb.fd 2013/01/14 v3.01 AMS symbols B
)
LaTeX Font Info:    Trying to load font information for U+rsfs on input line 292.
 (c:/texlive/2024/texmf-dist/tex/latex/jknapltx/ursfs.fd
File: ursfs.fd 1998/03/24 rsfs font definition file (jk)
)

LaTeX Warning: Citation `node_info' on page 3 undefined on input line 293.


LaTeX Warning: Reference `fig:node_link_map' on page 3 undefined on input line 294.


LaTeX Warning: File `/Users/danawls/Desktop/*Important*/traffic-deep-learning-research/table-figure/figure/node/node_link_map.png' not found on input line 300.


g:/Other computers/My Mac/Important/traffic-deep-learning-research/dissertation/drafts/draft1-ko/thesis/GRU_traffic.tex:300: Package pdftex.def Error: File `/Users/danawls/Desktop/*Important*/traffic-deep-learning-research/table-figure/figure/node/node_link_map.png' not found: using draft setting.

See the pdftex.def package documentation for explanation.
Type  H <return>  for immediate help.
 ...                                              
                                                  
l.300 ...ble-figure/figure/node/node_link_map.png}
                                                  
Try typing  <return>  to proceed.
If that doesn't work, type  X <return>  to quit.



[3]

[4]

LaTeX Warning: Reference `fig:research_roadmap' on page 5 undefined on input line 327.



[5]

LaTeX Warning: File `/Users/danawls/Desktop/*Important*/traffic-deep-learning-research/table-figure/figure/·Ñã·Öß·Ü´·ÑÄ·ÖÆ ·ÑÄ·Ö®·Ñí·Ö¨·Ü®/main.png' not found on input line 332.


g:/Other computers/My Mac/Important/traffic-deep-learning-research/dissertation/drafts/draft1-ko/thesis/GRU_traffic.tex:332: Package pdftex.def Error: File `/Users/danawls/Desktop/*Important*/traffic-deep-learning-research/table-figure/figure/·Ñã·Öß·Ü´·ÑÄ·ÖÆ ·ÑÄ·Ö®·Ñí·Ö¨·Ü®/main.png' not found: using draft setting.

See the pdftex.def package documentation for explanation.
Type  H <return>  for immediate help.
 ...                                              
                                                  
l.332 ...·Ñã·Öß·Ü´·ÑÄ·ÖÆ ·ÑÄ·Ö®·Ñí·Ö¨·Ü®/main.png}
                                                  
Try typing  <return>  to proceed.
If that doesn't work, type  X <return>  to quit.

Missing character: There is no · in font cmtt10!
Missing character: There is no Ñ in font cmtt10!
Missing character: There is no ã in font cmtt10!
Missing character: There is no · in font cmtt10!
Missing character: There is no Ö in font cmtt10!
Missing character: There is no ß in font cmtt10!
Missing character: There is no · in font cmtt10!
Missing character: There is no Ü in font cmtt10!
Missing character: There is no ´ in font cmtt10!
Missing character: There is no · in font cmtt10!
Missing character: There is no Ñ in font cmtt10!
Missing character: There is no Ä in font cmtt10!
Missing character: There is no · in font cmtt10!
Missing character: There is no Ö in font cmtt10!
Missing character: There is no Æ in font cmtt10!
Missing character: There is no · in font cmtt10!
Missing character: There is no Ñ in font cmtt10!
Missing character: There is no Ä in font cmtt10!
Missing character: There is no · in font cmtt10!
Missing character: There is no Ö in font cmtt10!
Missing character: There is no ® in font cmtt10!
Missing character: There is no · in font cmtt10!
Missing character: There is no Ñ in font cmtt10!
Missing character: There is no í in font cmtt10!
Missing character: There is no · in font cmtt10!
Missing character: There is no Ö in font cmtt10!
Missing character: There is no ¨ in font cmtt10!
Missing character: There is no · in font cmtt10!
Missing character: There is no Ü in font cmtt10!
Missing character: There is no ® in font cmtt10!

LaTeX Warning: `h' float specifier changed to `ht'.



[6]

[7]

LaTeX Warning: Citation `rosenblatt1958perceptron' on page 8 undefined on input line 349.


LaTeX Warning: Reference `fig:perceptron' on page 8 undefined on input line 352.


LaTeX Warning: File `/Users/danawls/Desktop/*Important*/traffic-deep-learning-research/table-figure/figure/perceptron/image.png' not found on input line 357.


g:/Other computers/My Mac/Important/traffic-deep-learning-research/dissertation/drafts/draft1-ko/thesis/GRU_traffic.tex:357: Package pdftex.def Error: File `/Users/danawls/Desktop/*Important*/traffic-deep-learning-research/table-figure/figure/perceptron/image.png' not found: using draft setting.

See the pdftex.def package documentation for explanation.
Type  H <return>  for immediate help.
 ...                                              
                                                  
l.357 ...table-figure/figure/perceptron/image.png}
                                                  
Try typing  <return>  to proceed.
If that doesn't work, type  X <return>  to quit.


LaTeX Warning: `h' float specifier changed to `ht'.


LaTeX Warning: Citation `minsky1969introduction' on page 8 undefined on input line 363.



[8

]

[9]

LaTeX Warning: File `/Users/danawls/Desktop/*Important*/traffic-deep-learning-research/table-figure/figure/mlp/information-03-00756-g002.png' not found on input line 387.


g:/Other computers/My Mac/Important/traffic-deep-learning-research/dissertation/drafts/draft1-ko/thesis/GRU_traffic.tex:387: Package pdftex.def Error: File `/Users/danawls/Desktop/*Important*/traffic-deep-learning-research/table-figure/figure/mlp/information-03-00756-g002.png' not found: using draft setting.

See the pdftex.def package documentation for explanation.
Type  H <return>  for immediate help.
 ...                                              
                                                  
l.387 ...figure/mlp/information-03-00756-g002.png}
                                                  
Try typing  <return>  to proceed.
If that doesn't work, type  X <return>  to quit.


LaTeX Warning: Reference `fig:relu' on page 10 undefined on input line 402.



[10]

LaTeX Warning: File `/Users/danawls/Desktop/*Important*/traffic-deep-learning-research/table-figure/figure/ReLU/ReLU.png' not found on input line 411.


g:/Other computers/My Mac/Important/traffic-deep-learning-research/dissertation/drafts/draft1-ko/thesis/GRU_traffic.tex:411: Package pdftex.def Error: File `/Users/danawls/Desktop/*Important*/traffic-deep-learning-research/table-figure/figure/ReLU/ReLU.png' not found: using draft setting.

See the pdftex.def package documentation for explanation.
Type  H <return>  for immediate help.
 ...                                              
                                                  
l.411 ...search/table-figure/figure/ReLU/ReLU.png}
                                                  
Try typing  <return>  to proceed.
If that doesn't work, type  X <return>  to quit.



[11]

LaTeX Warning: Reference `fig:Gradient_Desecnt' on page 12 undefined on input line 439.



[12]

LaTeX Warning: File `/Users/danawls/Desktop/*Important*/traffic-deep-learning-research/table-figure/figure/gradient/631731_P7z2BKhd0R-9uyn9ThDasA.png' not found on input line 452.


g:/Other computers/My Mac/Important/traffic-deep-learning-research/dissertation/drafts/draft1-ko/thesis/GRU_traffic.tex:452: Package pdftex.def Error: File `/Users/danawls/Desktop/*Important*/traffic-deep-learning-research/table-figure/figure/gradient/631731_P7z2BKhd0R-9uyn9ThDasA.png' not found: using draft setting.

See the pdftex.def package documentation for explanation.
Type  H <return>  for immediate help.
 ...                                              
                                                  
l.452 ...adient/631731_P7z2BKhd0R-9uyn9ThDasA.png}
                                                  
Try typing  <return>  to proceed.
If that doesn't work, type  X <return>  to quit.


LaTeX Warning: `h' float specifier changed to `ht'.



[13]

[14]

[15{c:/texlive/2024/texmf-dist/fonts/enc/dvips/cm-super/cm-super-ts1.enc}]
Overfull \hbox (2.40607pt too wide) in paragraph at lines 502--504
[]\OT1/cmr/m/n/10.95 Adam(Adaptive Mo-ment Es-ti-ma-tion) \LUC/nanummj/m/n/10.95/c6 5\LUC/nanummj/m/n/10.95/d2 \LUC/nanummj/m/n/10.95/b9 »\LUC/nanummj/m/n/10.95/c7 t\LUC/nanummj/m/n/10.95/c8 ^^@\LUC/nanummj/m/n/10.95/b2 î \OT1/cmr/m/n/10.95 2014\LUC/nanummj/m/n/10.95/b1 D \OT1/cmr/m/n/10.95 Diederik P. Kingma
 []



[16]
Overfull \hbox (2.83406pt too wide) in paragraph at lines 535--544
[]\LUC/nanummj/m/n/10.95/c6 $\LUC/nanummj/m/n/10.95/cc ( \LUC/nanummj/m/n/10.95/c5 Ì\LUC/nanummj/m/n/10.95/c8 ^^D\LUC/nanummj/m/n/10.95/d3 ^^L\OT1/cmr/m/n/10.95 (Back-prop-a-ga-tion)\LUC/nanummj/m/n/10.95/c7 @ \OT1/cmr/m/n/10.95 1986\LUC/nanummj/m/n/10.95/b1 D \LUC/nanummj/m/n/10.95/b3 p\LUC/nanummj/m/n/10.95/c7 t\LUC/nanummj/m/n/10.95/be D\LUC/nanummj/m/n/10.95/b4 ‹ \OT1/cmr/m/n/10.95 E. \LUC/nanummj/m/n/10.95/b8 Ë\LUC/nanummj/m/n/10.95/ba \\LUC/nanummj/m/n/10.95/d5 X\LUC/nanummj/m/n/10.95/d2 ∏\OT1/cmr/m/n/10.95 (David E. Rumel-
 []



[17]

LaTeX Warning: Reference `fig:dropout' on page 18 undefined on input line 558.


LaTeX Warning: File `/Users/danawls/Desktop/*Important*/traffic-deep-learning-research/table-figure/figure/Dropout/04-dropout_overview.png' not found on input line 563.


g:/Other computers/My Mac/Important/traffic-deep-learning-research/dissertation/drafts/draft1-ko/thesis/GRU_traffic.tex:563: Package pdftex.def Error: File `/Users/danawls/Desktop/*Important*/traffic-deep-learning-research/table-figure/figure/Dropout/04-dropout_overview.png' not found: using draft setting.

See the pdftex.def package documentation for explanation.
Type  H <return>  for immediate help.
 ...                                              
                                                  
l.563 ...e/figure/Dropout/04-dropout_overview.png}
                                                  
Try typing  <return>  to proceed.
If that doesn't work, type  X <return>  to quit.


LaTeX Warning: `h' float specifier changed to `ht'.



[18]

[19]
Overfull \hbox (7.37004pt too wide) in paragraph at lines 590--593
\LUC/nanummj/m/n/10.95/d6 ®\LUC/nanummj/m/n/10.95/ac ¸\LUC/nanummj/m/n/10.95/c8 ^^A\LUC/nanummj/m/n/10.95/c7 <\LUC/nanummj/m/n/10.95/b8 \ \LUC/nanummj/m/n/10.95/d5 Y\LUC/nanummj/m/n/10.95/c2 µ\LUC/nanummj/m/n/10.95/d5 X\LUC/nanummj/m/n/10.95/ae 0 \LUC/nanummj/m/n/10.95/c7 ^^D\LUC/nanummj/m/n/10.95/d5 t \OT1/cmr/m/n/10.95 1997\LUC/nanummj/m/n/10.95/b1 D \LUC/nanummj/m/n/10.95/d6 8\LUC/nanummj/m/n/10.95/d7 P\LUC/nanummj/m/n/10.95/b7 |\LUC/nanummj/m/n/10.95/c7 t\LUC/nanummj/m/n/10.95/d1 0\OT1/cmr/m/n/10.95 (Sepp Hochre-iter)\LUC/nanummj/m/n/10.95/c6 @ \LUC/nanummj/m/n/10.95/c2 à\LUC/nanummj/m/n/10.95/bb ¯\LUC/nanummj/m/n/10.95/b4 ‹\LUC/nanummj/m/n/10.95/d6 ƒ\LUC/nanummj/m/n/10.95/bc Ñ\OT1/cmr/m/n/10.95 (J^^?urgen
 []



[20]

[21]

LaTeX Warning: Reference `tab:i-55-case-study' on page 22 undefined on input line 653.


Overfull \hbox (32.3721pt too wide) in paragraph at lines 655--662
[][] 
 []


LaTeX Warning: Reference `tab:lstm_16' on page 22 undefined on input line 686.


LaTeX Warning: File `/Users/danawls/Desktop/*Important*/traffic-deep-learning-research/table-figure/table/lstm/Screenshot 2024-09-07 at 10.42.52‚ÄØPM.png' not found on input line 690.


g:/Other computers/My Mac/Important/traffic-deep-learning-research/dissertation/drafts/draft1-ko/thesis/GRU_traffic.tex:690: Package pdftex.def Error: File `/Users/danawls/Desktop/*Important*/traffic-deep-learning-research/table-figure/table/lstm/Screenshot 2024-09-07 at 10.42.52‚ÄØPM.png' not found: using draft setting.

See the pdftex.def package documentation for explanation.
Type  H <return>  for immediate help.
 ...                                              
                                                  
l.690 ...reenshot 2024-09-07 at 10.42.52‚ÄØPM.png}
                                                  
Try typing  <return>  to proceed.
If that doesn't work, type  X <return>  to quit.

Missing character: There is no ‚ in font cmtt10!
Missing character: There is no Ä in font cmtt10!
Missing character: There is no Ø in font cmtt10!

LaTeX Warning: Reference `tab:lstm_other' on page 22 undefined on input line 702.


LaTeX Warning: File `/Users/danawls/Desktop/*Important*/traffic-deep-learning-research/table-figure/table/lstm/Screenshot 2024-09-07 at 11.04.25‚ÄØPM.png' not found on input line 709.


g:/Other computers/My Mac/Important/traffic-deep-learning-research/dissertation/drafts/draft1-ko/thesis/GRU_traffic.tex:709: Package pdftex.def Error: File `/Users/danawls/Desktop/*Important*/traffic-deep-learning-research/table-figure/table/lstm/Screenshot 2024-09-07 at 11.04.25‚ÄØPM.png' not found: using draft setting.

See the pdftex.def package documentation for explanation.
Type  H <return>  for immediate help.
 ...                                              
                                                  
l.709 ...reenshot 2024-09-07 at 11.04.25‚ÄØPM.png}
                                                  
Try typing  <return>  to proceed.
If that doesn't work, type  X <return>  to quit.

Missing character: There is no ‚ in font cmtt10!
Missing character: There is no Ä in font cmtt10!
Missing character: There is no Ø in font cmtt10!

LaTeX Warning: Reference `tab:lstm_arima_result_reference' on page 22 undefined on input line 716.


LaTeX Warning: File `/Users/danawls/Desktop/*Important*/traffic-deep-learning-research/table-figure/table/lstm_armia/Screenshot 2024-09-06 at 11.24.46‚ÄØPM.png' not found on input line 722.


g:/Other computers/My Mac/Important/traffic-deep-learning-research/dissertation/drafts/draft1-ko/thesis/GRU_traffic.tex:722: Package pdftex.def Error: File `/Users/danawls/Desktop/*Important*/traffic-deep-learning-research/table-figure/table/lstm_armia/Screenshot 2024-09-06 at 11.24.46‚ÄØPM.png' not found: using draft setting.

See the pdftex.def package documentation for explanation.
Type  H <return>  for immediate help.
 ...                                              
                                                  
l.722 ...reenshot 2024-09-06 at 11.24.46‚ÄØPM.png}
                                                  
Try typing  <return>  to proceed.
If that doesn't work, type  X <return>  to quit.

Missing character: There is no ‚ in font cmtt10!
Missing character: There is no Ä in font cmtt10!
Missing character: There is no Ø in font cmtt10!

LaTeX Warning: Reference `fig:svms' on page 22 undefined on input line 733.


LaTeX Warning: File `/Users/danawls/Desktop/*Important*/traffic-deep-learning-research/table-figure/figure/svms/Screenshot 2024-09-07 at 11.16.29‚ÄØPM.png' not found on input line 738.


g:/Other computers/My Mac/Important/traffic-deep-learning-research/dissertation/drafts/draft1-ko/thesis/GRU_traffic.tex:738: Package pdftex.def Error: File `/Users/danawls/Desktop/*Important*/traffic-deep-learning-research/table-figure/figure/svms/Screenshot 2024-09-07 at 11.16.29‚ÄØPM.png' not found: using draft setting.

See the pdftex.def package documentation for explanation.
Type  H <return>  for immediate help.
 ...                                              
                                                  
l.738 ...reenshot 2024-09-07 at 11.16.29‚ÄØPM.png}
                                                  
Try typing  <return>  to proceed.
If that doesn't work, type  X <return>  to quit.

Missing character: There is no ‚ in font cmtt10!
Missing character: There is no Ä in font cmtt10!
Missing character: There is no Ø in font cmtt10!

Overfull \hbox (0.39754pt too wide) in paragraph at lines 648--755
[]\OT1/cmr/m/n/10.95 Danqing Kang, Yisheng Lv, Yuan-yuan Chen(2017)\LUC/nanummj/m/n/10.95/c7 @ \OT1/cmr/m/n/10.95 LSTM(Long Short Term
 []


Overfull \hbox (16.27509pt too wide) in paragraph at lines 648--755
[]\OT1/cmr/m/n/10.95 Zhang Mingheng, Zhen Yaobao, Hui Gan-g-long, Chen Gang(2013)\LUC/nanummj/m/n/10.95/c7 @ \OT1/cmr/m/n/10.95 SVM(Support
 []



[22]

[23]

LaTeX Warning: `h' float specifier changed to `ht'.



[24]

LaTeX Warning: `h' float specifier changed to `ht'.


LaTeX Warning: `h' float specifier changed to `ht'.



[25]

LaTeX Warning: `h' float specifier changed to `ht'.



[26]
Overfull \hbox (4.54454pt too wide) in paragraph at lines 757--776
[]\OT1/cmr/m/n/10.95 MASCHAVAN DER-VOORT, MARK DOUGHERTY, SU-SAN WAT-SON(1996)
 []



[27]

[28]

[29]

[30]

[31]
Underfull \hbox (badness 10000) in paragraph at lines 823--826

 []



[32]

[33]

[34]

[35]

[36]

[37]

[38

]

[39]

[40]

[41]
Overfull \hbox (4.08583pt too wide) in paragraph at lines 918--923
[]\LUC/nanummj/m/n/10.95/ad P\LUC/nanummj/m/n/10.95/d1 µ \LUC/nanummj/m/n/10.95/d7 P\LUC/nanummj/m/n/10.95/b9 Ñ\LUC/nanummj/m/n/10.95/c7 X \LUC/nanummj/m/n/10.95/bc ¿\LUC/nanummj/m/n/10.95/d6 T\LUC/nanummj/m/n/10.95/b9 | \LUC/nanummj/m/n/10.95/c1 $\LUC/nanummj/m/n/10.95/ba Ö\LUC/nanummj/m/n/10.95/d5 X\LUC/nanummj/m/n/10.95/ae 0 \LUC/nanummj/m/n/10.95/c7 ^^D\LUC/nanummj/m/n/10.95/d5 t \OT1/cmr/m/n/10.95 Lighthill\LUC/nanummj/m/n/10.95/ac ¸ \OT1/cmr/m/n/10.95 Whitham\LUC/nanummj/m/n/10.95/c7 @ \LUC/nanummj/m/n/10.95/d3 ^^L\LUC/nanummj/m/n/10.95/b3 Ÿ \LUC/nanummj/m/n/10.95/c1 ç\LUC/nanummj/m/n/10.95/b3 ƒ\OT1/cmr/m/n/10.95 (wave speed)
 []



[42]

[43]

[44]
Underfull \hbox (badness 10000) in paragraph at lines 993--1000

 []



[45]

[46]

LaTeX Warning: Reference `tab:direct_var' on page 47 undefined on input line 1027.


LaTeX Warning: Reference `tab:road_var' on page 47 undefined on input line 1046.



[47]

[48]
Underfull \hbox (badness 10000) in paragraph at lines 1067--1070

 []


Overfull \hbox (52.8225pt too wide) detected at line 1078
\OML/cmm/m/it/10.95 d \OT1/cmr/m/n/10.95 = 2 \OMS/cmsy/m/n/10.95 ^^B \OT1/cmr/m/n/10.95 6371 \OMS/cmsy/m/n/10.95 ^^B [] []
 []



[49]

[50]

LaTeX Warning: `h' float specifier changed to `ht'.



[51]

LaTeX Warning: No positions in optional float specifier.
               Default added (so using `tbp') on input line 1185.


LaTeX Warning: No positions in optional float specifier.
               Default added (so using `tbp') on input line 1217.


Overfull \hbox (17.30566pt too wide) in paragraph at lines 1220--1232
 [] 
 []



[52]

[53]

[54

]

[55]

[56]

[57]

[58]

[59]

[60]

[61]

[62]

[63]

[64]

[65]

[66]

[67]

[68]

[69]

[70

]

[71]

[72]

[73]

[74]

[75

]

[76]

[77]

[78]

Package hyperref Warning: Token not allowed in a PDF string (Unicode):
(hyperref)                removing `math shift' on input line 1858.


Package hyperref Warning: Token not allowed in a PDF string (Unicode):
(hyperref)                removing `math shift' on input line 1870.



[79]

Package hyperref Warning: Token not allowed in a PDF string (Unicode):
(hyperref)                removing `math shift' on input line 1882.



[80]

[81]

[82]

[83]

[84

]

[85]

[86]

[87]

[88]

[89]

[90]

[91]

[92]

[93]

[94

]

[95

]

[96

] (./GRU_traffic.bbl
LaTeX Font Info:    Trying to load font information for LUC+uhcmj on input line 19.
 (c:/texlive/2024/texmf-dist/tex/latex/kotex-utf/lucuhcmj.fd
File: lucuhcmj.fd 2013/09/26 UHC Myeongjo font definitions
)
Missing character: There is no Æ in font uwmj03!
Missing character: There is no Æ in font uwmj03!
LaTeX Font Info:    Font shape `LUC/uhcmj/m/it' in size <10.95> not available
(Font)              Font shape `LUC/uhcmj/m/sl' tried instead on input line 19.

Underfull \hbox (badness 10000) in paragraph at lines 19--20
\LUC/uhcmj/m/n/10.95/04 7028AOI85 4@C3 >B 4@C30\OT1/cmr/m/n/10.95 ,'' \LUC/uhcmj/m/sl/10.95 ^^X725AB8O D878:>\OT1/cmr/m/it/10.95 -\LUC/uhcmj/m/sl/10.95 <0B5<0B8G5A:>3>
 []



[97

]

[98]

[99])

[100]

[101

]

[102]
runsystem(makeindex GRU_traffic.idx)...executed safely (allowed).

 (./GRU_traffic.ind)

[103

] (./GRU_traffic.aux)
 ***********
LaTeX2e <2024-06-01> patch level 2
L3 programming layer <2024-05-27>
 ***********


LaTeX Font Warning: Size substitutions with differences
(Font)              up to 1.28pt have occurred.


LaTeX Warning: There were undefined references.


LaTeX Warning: Label(s) may have changed. Rerun to get cross-references right.


Package rerunfilecheck Warning: File `GRU_traffic.out' has changed.
(rerunfilecheck)                Rerun to get outlines right
(rerunfilecheck)                or use package `bookmark'.

Package rerunfilecheck Info: Checksums for `GRU_traffic.out':
(rerunfilecheck)             Before: <no file>
(rerunfilecheck)             After:  62E12F35649D542EED7AD792176EE8DB;17520.
 ) 
Here is how much of TeX's memory you used:
 14988 strings out of 473584
 268763 string characters out of 5732363
 1953908 words of memory out of 5000000
 37247 multiletter control sequences out of 15000+600000
 644802 words of font info for 334 fonts, out of 8000000 for 9000
 1141 hyphenation exceptions out of 8191
 75i,11n,79p,1074b,604s stack positions out of 10000i,1000n,20000p,200000b,200000s
<c:/texlive/2024/texmf-dist/fonts/type1/public/amsfonts/cm/cmbx10.pfb><c:/texlive/2024/texmf-dist/fonts/type1/public/amsfonts/cm/cmbx12.pfb><c:/texlive/2024/texmf-dist/fonts/type1/public/amsfonts/cm/cmex10.pfb><c:/texlive/2024/texmf-dist/fonts/type1/public/amsfonts/cm/cmmi10.pfb><c:/texlive/2024/texmf-dist/fonts/type1/public/amsfonts/cm/cmmi12.pfb><c:/texlive/2024/texmf-dist/fonts/type1/public/amsfonts/cm/cmmi6.pfb><c:/texlive/2024/texmf-dist/fonts/type1/public/amsfonts/cm/cmmi8.pfb><c:/texlive/2024/texmf-dist/fonts/type1/public/amsfonts/cm/cmmi9.pfb><c:/texlive/2024/texmf-dist/fonts/type1/public/amsfonts/cm/cmr10.pfb><c:/texlive/2024/texmf-dist/fonts/type1/public/amsfonts/cm/cmr12.pfb><c:/texlive/2024/texmf-dist/fonts/type1/public/amsfonts/cm/cmr17.pfb><c:/texlive/2024/texmf-dist/fonts/type1/public/amsfonts/cm/cmr6.pfb><c:/texlive/2024/texmf-dist/fonts/type1/public/amsfonts/cm/cmr8.pfb><c:/texlive/2024/texmf-dist/fonts/type1/public/amsfonts/cm/cmr9.pfb><c:/texlive/2024/texmf-dist/fonts/type1/public/amsfonts/cm/cmsy10.pfb><c:/texlive/2024/texmf-dist/fonts/type1/public/amsfonts/cm/cmsy6.pfb><c:/texlive/2024/texmf-dist/fonts/type1/public/amsfonts/cm/cmsy8.pfb><c:/texlive/2024/texmf-dist/fonts/type1/public/amsfonts/cm/cmti10.pfb><c:/texlive/2024/texmf-dist/fonts/type1/public/amsfonts/cm/cmtt10.pfb><c:/texlive/2024/texmf-dist/fonts/type1/public/nanumtype1/nanummjbac.pfb><c:/texlive/2024/texmf-dist/fonts/type1/public/nanumtype1/nanummjbad.pfb><c:/texlive/2024/texmf-dist/fonts/type1/public/nanumtype1/nanummjbae.pfb><c:/texlive/2024/texmf-dist/fonts/type1/public/nanumtype1/nanummjbb0.pfb><c:/texlive/2024/texmf-dist/fonts/type1/public/nanumtype1/nanummjbb1.pfb><c:/texlive/2024/texmf-dist/fonts/type1/public/nanumtype1/nanummjbb2.pfb><c:/texlive/2024/texmf-dist/fonts/type1/public/nanumtype1/nanummjbb3.pfb><c:/texlive/2024/texmf-dist/fonts/type1/public/nanumtype1/nanummjbb4.pfb><c:/texlive/2024/texmf-dist/fonts/type1/public/nanumtype1/nanummjbb5.pfb><c:/texlive/2024/texmf-dist/fonts/type1/public/nanumtype1/nanummjbb7.pfb><c:/texlive/2024/texmf-dist/fonts/type1/public/nanumtype1/nanummjbb8.pfb><c:/texlive/2024/texmf-dist/fonts/type1/public/nanumtype1/nanummjbb9.pfb><c:/texlive/2024/texmf-dist/fonts/type1/public/nanumtype1/nanummjbba.pfb><c:/texlive/2024/texmf-dist/fonts/type1/public/nanumtype1/nanummjbbb.pfb><c:/texlive/2024/texmf-dist/fonts/type1/public/nanumtype1/nanummjbbc.pfb><c:/texlive/2024/texmf-dist/fonts/type1/public/nanumtype1/nanummjbbd.pfb><c:/texlive/2024/texmf-dist/fonts/type1/public/nanumtype1/nanummjbbe.pfb><c:/texlive/2024/texmf-dist/fonts/type1/public/nanumtype1/nanummjbc0.pfb><c:/texlive/2024/texmf-dist/fonts/type1/public/nanumtype1/nanummjbc1.pfb><c:/texlive/2024/texmf-dist/fonts/type1/public/nanumtype1/nanummjbc2.pfb><c:/texlive/2024/texmf-dist/fonts/type1/public/nanumtype1/nanummjbc5.pfb><c:/texlive/2024/texmf-dist/fonts/type1/public/nanumtype1/nanummjbc6.pfb><c:/texlive/2024/texmf-dist/fonts/type1/public/nanumtype1/nanummjbc7.pfb><c:/texlive/2024/texmf-dist/fonts/type1/public/nanumtype1/nanummjbc8.pfb><c:/texlive/2024/texmf-dist/fonts/type1/public/nanumtype1/nanummjbc9.pfb><c:/texlive/2024/texmf-dist/fonts/type1/public/nanumtype1/nanummjbcc.pfb><c:/texlive/2024/texmf-dist/fonts/type1/public/nanumtype1/nanummjbcd.pfb><c:/texlive/2024/texmf-dist/fonts/type1/public/nanumtype1/nanummjbce.pfb><c:/texlive/2024/texmf-dist/fonts/type1/public/nanumtype1/nanummjbcf.pfb><c:/texlive/2024/texmf-dist/fonts/type1/public/nanumtype1/nanummjbd0.pfb><c:/texlive/2024/texmf-dist/fonts/type1/public/nanumtype1/nanummjbd1.pfb><c:/texlive/2024/texmf-dist/fonts/type1/public/nanumtype1/nanummjbd2.pfb><c:/texlive/2024/texmf-dist/fonts/type1/public/nanumtype1/nanummjbd3.pfb><c:/texlive/2024/texmf-dist/fonts/type1/public/nanumtype1/nanummjbd4.pfb><c:/texlive/2024/texmf-dist/fonts/type1/public/nanumtype1/nanummjbd5.pfb><c:/texlive/2024/texmf-dist/fonts/type1/public/nanumtype1/nanummjbd6.pfb><c:/texlive/2024/texmf-dist/fonts/type1/public/nanumtype1/nanummjbd7.pfb><c:/texlive/2024/texmf-dist/fonts/type1/public/nanumtype1/nanummjmac.pfb><c:/texlive/2024/texmf-dist/fonts/type1/public/nanumtype1/nanummjmad.pfb><c:/texlive/2024/texmf-dist/fonts/type1/public/nanumtype1/nanummjmae.pfb><c:/texlive/2024/texmf-dist/fonts/type1/public/nanumtype1/nanummjmaf.pfb><c:/texlive/2024/texmf-dist/fonts/type1/public/nanumtype1/nanummjmb0.pfb><c:/texlive/2024/texmf-dist/fonts/type1/public/nanumtype1/nanummjmb1.pfb><c:/texlive/2024/texmf-dist/fonts/type1/public/nanumtype1/nanummjmb2.pfb><c:/texlive/2024/texmf-dist/fonts/type1/public/nanumtype1/nanummjmb3.pfb><c:/texlive/2024/texmf-dist/fonts/type1/public/nanumtype1/nanummjmb4.pfb><c:/texlive/2024/texmf-dist/fonts/type1/public/nanumtype1/nanummjmb5.pfb><c:/texlive/2024/texmf-dist/fonts/type1/public/nanumtype1/nanummjmb6.pfb><c:/texlive/2024/texmf-dist/fonts/type1/public/nanumtype1/nanummjmb7.pfb><c:/texlive/2024/texmf-dist/fonts/type1/public/nanumtype1/nanummjmb8.pfb><c:/texlive/2024/texmf-dist/fonts/type1/public/nanumtype1/nanummjmb9.pfb><c:/texlive/2024/texmf-dist/fonts/type1/public/nanumtype1/nanummjmba.pfb><c:/texlive/2024/texmf-dist/fonts/type1/public/nanumtype1/nanummjmbb.pfb><c:/texlive/2024/texmf-dist/fonts/type1/public/nanumtype1/nanummjmbc.pfb><c:/texlive/2024/texmf-dist/fonts/type1/public/nanumtype1/nanummjmbd.pfb><c:/texlive/2024/texmf-dist/fonts/type1/public/nanumtype1/nanummjmbe.pfb><c:/texlive/2024/texmf-dist/fonts/type1/public/nanumtype1/nanummjmbf.pfb><c:/texlive/2024/texmf-dist/fonts/type1/public/nanumtype1/nanummjmc0.pfb><c:/texlive/2024/texmf-dist/fonts/type1/public/nanumtype1/nanummjmc1.pfb><c:/texlive/2024/texmf-dist/fonts/type1/public/nanumtype1/nanummjmc2.pfb><c:/texlive/2024/texmf-dist/fonts/type1/public/nanumtype1/nanummjmc3.pfb><c:/texlive/2024/texmf-dist/fonts/type1/public/nanumtype1/nanummjmc4.pfb><c:/texlive/2024/texmf-dist/fonts/type1/public/nanumtype1/nanummjmc5.pfb><c:/texlive/2024/texmf-dist/fonts/type1/public/nanumtype1/nanummjmc6.pfb><c:/texlive/2024/texmf-dist/fonts/type1/public/nanumtype1/nanummjmc7.pfb><c:/texlive/2024/texmf-dist/fonts/type1/public/nanumtype1/nanummjmc8.pfb><c:/texlive/2024/texmf-dist/fonts/type1/public/nanumtype1/nanummjmc9.pfb><c:/texlive/2024/texmf-dist/fonts/type1/public/nanumtype1/nanummjmca.pfb><c:/texlive/2024/texmf-dist/fonts/type1/public/nanumtype1/nanummjmcc.pfb><c:/texlive/2024/texmf-dist/fonts/type1/public/nanumtype1/nanummjmcd.pfb><c:/texlive/2024/texmf-dist/fonts/type1/public/nanumtype1/nanummjmce.pfb><c:/texlive/2024/texmf-dist/fonts/type1/public/nanumtype1/nanummjmcf.pfb><c:/texlive/2024/texmf-dist/fonts/type1/public/nanumtype1/nanummjmd0.pfb><c:/texlive/2024/texmf-dist/fonts/type1/public/nanumtype1/nanummjmd1.pfb><c:/texlive/2024/texmf-dist/fonts/type1/public/nanumtype1/nanummjmd2.pfb><c:/texlive/2024/texmf-dist/fonts/type1/public/nanumtype1/nanummjmd3.pfb><c:/texlive/2024/texmf-dist/fonts/type1/public/nanumtype1/nanummjmd4.pfb><c:/texlive/2024/texmf-dist/fonts/type1/public/nanumtype1/nanummjmd5.pfb><c:/texlive/2024/texmf-dist/fonts/type1/public/nanumtype1/nanummjmd6.pfb><c:/texlive/2024/texmf-dist/fonts/type1/public/nanumtype1/nanummjmd7.pfb><c:/texlive/2024/texmf-dist/fonts/type1/public/cm-super/sfrm1095.pfb><c:/texlive/2024/texmf-dist/fonts/type1/uhc/umj/umj01.pfb><c:/texlive/2024/texmf-dist/fonts/type1/uhc/umj/umj01.pfb>
Output written on GRU_traffic.pdf (109 pages, 4384841 bytes).
PDF statistics:
 1253 PDF objects out of 1440 (max. 8388607)
 928 compressed objects within 10 object streams
 294 named destinations out of 1000 (max. 500000)
 1 words of extra memory for PDF output out of 10000 (max. 10000000)

