\BOOKMARK [0][-]{Doc-Start}{\376\377\315\010\270\135}{}% 1
\BOOKMARK [0][-]{Doc-Start}{\376\377\000A\000b\000s\000t\000r\000a\000c\000t}{}% 2
\BOOKMARK [0][-]{Doc-Start}{\376\377\272\251\314\050}{}% 3
\BOOKMARK [0][-]{chapter*.1}{\376\377\324\134\000\040\272\251\314\050}{}% 4
\BOOKMARK [0][-]{chapter*.2}{\376\377\255\370\271\274\000\040\272\251\314\050}{}% 5
\BOOKMARK [0][-]{chapter*.4}{\376\377\0001\307\245\000.\000\040\301\034\270\140}{}% 6
\BOOKMARK [1][-]{section.1.1}{\376\377\305\360\255\154\307\130\000\040\274\060\254\275\000\040\274\017\000\040\272\251\310\001}{chapter*.4}% 7
\BOOKMARK [1][-]{section.1.2}{\376\377\305\360\255\154\307\130\000\040\274\224\307\004\000\040\274\017\000\040\274\051\274\225}{chapter*.4}% 8
\BOOKMARK [2][-]{subsection.1.2.1}{\376\377\305\360\255\154\307\130\000\040\274\224\307\004}{section.1.2}% 9
\BOOKMARK [2][-]{subsection.1.2.2}{\376\377\305\360\255\154\307\130\000\040\274\051\274\225\000\040\274\017\000\040\260\264\306\251}{section.1.2}% 10
\BOOKMARK [0][-]{chapter*.5}{\376\377\0002\307\245\000.\000\040\307\164\270\140\000\040\274\017\000\040\301\040\325\211\305\360\255\154\000\040\254\340\314\060}{}% 11
\BOOKMARK [1][-]{section.2.1}{\376\377\255\000\270\050\000\040\307\164\270\140\000\040\254\340\314\060}{chapter*.5}% 12
\BOOKMARK [2][-]{subsection.2.1.1}{\376\377\307\170\254\365\000\040\302\340\254\275\271\335\000\050\000A\000N\000N\000\051}{section.2.1}% 13
\BOOKMARK [2][-]{subsection.2.1.2}{\376\377\302\340\254\275\271\335\000\040\325\131\302\265}{section.2.1}% 14
\BOOKMARK [2][-]{subsection.2.1.3}{\376\377\302\034\326\130\302\340\254\275\271\335\000\050\000R\000N\000N\000\051}{section.2.1}% 15
\BOOKMARK [1][-]{section.2.2}{\376\377\301\040\325\211\305\360\255\154\000\040\254\340\314\060}{chapter*.5}% 16
\BOOKMARK [2][-]{subsection.2.2.1}{\376\377\265\045\267\354\262\335\000\040\256\060\274\030\000\040\301\040\325\211\305\360\255\154}{section.2.2}% 17
\BOOKMARK [2][-]{subsection.2.2.2}{\376\377\302\334\254\304\305\364\000\040\306\010\316\041\000\040\256\060\274\030\000\040\301\040\325\211\305\360\255\154}{section.2.2}% 18
\BOOKMARK [2][-]{subsection.2.2.3}{\376\377\302\030\271\254\310\001\000\040\272\250\263\170\000\040\256\060\274\030\000\040\301\040\325\211\305\360\255\154}{section.2.2}% 19
\BOOKMARK [2][-]{subsection.2.2.4}{\376\377\255\155\260\264\000\040\255\120\321\265\000\040\306\010\316\041\000\040\300\254\270\100}{section.2.2}% 20
\BOOKMARK [2][-]{subsection.2.2.5}{\376\377\255\155\306\170\000\040\255\120\321\265\000\040\306\010\316\041\000\040\300\254\270\100}{section.2.2}% 21
\BOOKMARK [2][-]{subsection.2.2.6}{\376\377\256\060\310\164\000\040\305\360\255\154\306\100\307\130\000\040\314\050\274\304\301\061}{section.2.2}% 22
\BOOKMARK [0][-]{chapter*.6}{\376\377\0003\307\245\000.\000\040\272\250\263\170\000\040\255\154\315\225\000\040\274\051\325\245}{}% 23
\BOOKMARK [1][-]{section.3.1}{\376\377\256\060\274\030\000\040\272\250\263\170\000\040\301\040\310\025}{chapter*.6}% 24
\BOOKMARK [2][-]{subsection.3.1.1}{\376\377\000G\000R\000U}{section.3.1}% 25
\BOOKMARK [2][-]{subsection.3.1.2}{\376\377\315\251\254\251\323\014\000\040\307\164\270\140\000\050\000L\000W\000R\000\051}{section.3.1}% 26
\BOOKMARK [2][-]{subsection.3.1.3}{\376\377\262\164\306\360\307\130\000\040\255\000\301\061\000\040\272\250\263\170}{section.3.1}% 27
\BOOKMARK [2][-]{subsection.3.1.4}{\376\377\262\344\300\301\000\040\255\120\321\265\000\040\307\164\270\140}{section.3.1}% 28
\BOOKMARK [1][-]{section.3.2}{\376\377\263\160\307\164\321\060\000\040\321\134\325\014\271\277}{chapter*.6}% 29
\BOOKMARK [2][-]{subsection.3.2.1}{\376\377\315\234\270\045\000\040\274\300\302\030}{section.3.2}% 30
\BOOKMARK [2][-]{subsection.3.2.2}{\376\377\306\224\255\154\000\040\307\040\307\130\000\040\274\300\302\030\000\040\301\044\310\025}{section.3.2}% 31
\BOOKMARK [2][-]{subsection.3.2.3}{\376\377\263\160\307\164\321\060\307\130\000\040\000S\000h\000a\000p\000e}{section.3.2}% 32
\BOOKMARK [0][-]{chapter*.7}{\376\377\0004\307\245\000.\000\040\315\251\254\251\323\014\000\040\307\164\270\140\000\040\254\260\325\151\000\040\272\250\263\170\000\040\254\034\274\034}{}% 33
\BOOKMARK [1][-]{section.4.1}{\376\377\315\251\254\251\323\014\000\040\307\164\270\140\307\130\000\040\322\271\301\061\000\040\315\224\315\234}{chapter*.7}% 34
\BOOKMARK [2][-]{subsection.4.1.1}{\376\377\315\251\254\251\323\014\000\040\307\164\270\140\307\130\000\040\254\034\261\120\000\040\300\254\306\251}{section.4.1}% 35
\BOOKMARK [2][-]{subsection.4.1.2}{\376\377\315\251\254\251\323\014\000\040\301\215\263\304\307\130\000\040\300\254\306\251}{section.4.1}% 36
\BOOKMARK [2][-]{subsection.4.1.3}{\376\377\306\010\316\041\000\040\254\260\254\374\000\040\325\164\301\035\305\320\000\040\300\254\306\251\325\140\000\040\315\251\254\251\323\014\000\040\307\164\270\140}{section.4.1}% 37
\BOOKMARK [1][-]{section.4.2}{\376\377\315\251\254\251\323\014\000\040\307\164\270\140\000\040\254\260\325\151\000\040\272\250\263\170\307\130\000\040\272\250\302\335\310\001\000\040\301\044\254\304\000\040\274\017\000\040\325\164\301\035}{chapter*.7}% 38
\BOOKMARK [2][-]{subsection.4.2.1}{\376\377\315\251\254\251\323\014\000\040\307\164\270\140\000\040\254\260\325\151\000\040\272\250\263\170\307\130\000\040\254\160\302\334\310\001\000\040\301\044\254\304}{section.4.2}% 39
\BOOKMARK [2][-]{subsection.4.2.2}{\376\377\000G\000R\000U\305\320\000\040\263\000\325\134\000\040\315\251\254\251\323\014\000\040\307\164\270\140\307\130\000\040\254\160\302\334\310\001\000\040\310\001\306\251\310\020}{section.4.2}% 40
\BOOKMARK [2][-]{subsection.4.2.3}{\376\377\315\251\254\251\323\014\000\040\301\215\263\304\307\130\000\040\300\260\315\234}{section.4.2}% 41
\BOOKMARK [2][-]{subsection.4.2.4}{\376\377\315\251\254\251\323\014\000\040\000R\000e\000g\000u\000l\000a\000r\000i\000z\000a\000t\000i\000o\000n}{section.4.2}% 42
\BOOKMARK [1][-]{section.4.3}{\376\377\315\251\254\251\323\014\000\040\307\164\270\140\000\040\254\260\325\151\000\040\272\250\263\170\307\130\000\040\302\030\302\335\310\001\000\040\301\044\254\304}{chapter*.7}% 43
\BOOKMARK [2][-]{subsection.4.3.1}{\376\377\000G\000R\000U\305\320\000\040\263\000\325\134\000\040\315\251\254\251\323\014\000\040\307\164\270\140\307\130\000\040\254\160\302\334\310\001\000\040\310\001\306\251\310\020\307\130\000\040\302\030\302\335}{section.4.3}% 44
\BOOKMARK [2][-]{subsection.4.3.2}{\376\377\315\251\254\251\323\014\000\040\301\215\263\304\307\130\000\040\300\260\315\234}{section.4.3}% 45
\BOOKMARK [2][-]{subsection.4.3.3}{\376\377\315\251\254\251\323\014\000\040\000R\000e\000g\000u\000l\000a\000r\000i\000z\000a\000t\000i\000o\000n}{section.4.3}% 46
\BOOKMARK [1][-]{section.4.4}{\376\377\315\251\254\251\323\014\000\040\307\164\270\140\000\040\254\260\325\151\000\040\272\250\263\170\307\130\000\040\307\164\270\140\310\001\000\040\310\025\271\275}{chapter*.7}% 47
\BOOKMARK [2][-]{subsection.4.4.1}{\376\377\000A\000N\000N\256\060\274\030\000\040\315\251\254\251\323\014\000\040\307\164\270\140\000\040\254\260\325\151\000\040\272\250\263\170}{section.4.4}% 48
\BOOKMARK [2][-]{subsection.4.4.2}{\376\377\324\134\311\000\323\270\314\050\000\040\256\060\274\030\000\040\315\251\254\251\323\014\000\040\307\164\270\140\000\040\254\260\325\151\000\040\272\250\263\170}{section.4.4}% 49
\BOOKMARK [2][-]{subsection.4.4.3}{\376\377\307\164\263\331\323\311\255\340\000\040\256\060\274\030\000\040\315\251\254\251\323\014\000\040\307\164\270\140\000\040\254\260\325\151\000\040\272\250\263\170}{section.4.4}% 50
\BOOKMARK [2][-]{subsection.4.4.4}{\376\377\000L\000W\000R\256\060\274\030\000\040\315\251\254\251\323\014\000\040\307\164\270\140\000\040\254\260\325\151\000\040\272\250\263\170}{section.4.4}% 51
\BOOKMARK [0][-]{chapter*.8}{\376\377\0005\307\245\000.\000\040\262\164\306\360\307\130\000\040\255\000\301\061\000\040\272\250\263\170\000\040\254\260\325\151\000\040\272\250\263\170\000\040\254\034\274\034}{}% 52
\BOOKMARK [1][-]{section.5.1}{\376\377\262\164\306\360\307\130\000\040\255\000\301\061\000\040\272\250\263\170\307\130\000\040\322\271\301\061\000\040\315\224\315\234}{chapter*.8}% 53
\BOOKMARK [2][-]{subsection.5.1.1}{\376\377\262\164\306\360\307\130\000\040\255\000\301\061\000\040\272\250\263\170\307\130\000\040\254\034\261\120\000\040\300\254\306\251}{section.5.1}% 54
\BOOKMARK [2][-]{subsection.5.1.2}{\376\377\276\104\301\040\326\025\000\040\301\215\263\304\000\040\274\030\307\121\000\040\325\150\302\030\000\040\300\254\306\251}{section.5.1}% 55
\BOOKMARK [1][-]{section.5.2}{\376\377\262\164\306\360\307\130\000\040\255\000\301\061\000\040\272\250\263\170\000\040\254\260\325\151\000\040\272\250\263\170\307\130\000\040\272\250\302\335\310\001\000\040\301\044\254\304\000\040\274\017\000\040\325\164\301\035}{chapter*.8}% 56
\BOOKMARK [2][-]{subsection.5.2.1}{\376\377\262\164\306\360\307\130\000\040\255\000\301\061\000\040\272\250\263\170\000\040\254\260\325\151\000\040\272\250\263\170\307\130\000\040\310\001\306\251\310\020}{section.5.2}% 57
\BOOKMARK [2][-]{subsection.5.2.2}{\376\377\276\104\301\040\326\025\000\040\301\215\263\304\000\040\274\030\307\121\000\040\325\150\302\030\307\130\000\040\302\030\310\025}{section.5.2}% 58
\BOOKMARK [2][-]{subsection.5.2.3}{\376\377\302\334\254\004\000\040\311\300\305\360\307\130\000\040\310\001\306\251}{section.5.2}% 59
\BOOKMARK [1][-]{section.5.3}{\376\377\262\164\306\360\307\130\000\040\255\000\301\061\000\040\272\250\263\170\000\040\254\260\325\151\000\040\272\250\263\170\307\130\000\040\302\030\302\335\310\001\000\040\301\044\254\304}{chapter*.8}% 60
\BOOKMARK [2][-]{subsection.5.3.1}{\376\377\276\104\301\040\326\025\000\040\301\215\263\304\000\040\274\030\307\121\000\040\325\150\302\030}{section.5.3}% 61
\BOOKMARK [2][-]{subsection.5.3.2}{\376\377\302\334\254\004\000\040\311\300\305\360}{section.5.3}% 62
\BOOKMARK [2][-]{subsection.5.3.3}{\376\377\000G\000R\000U\000\040\310\001\306\251}{section.5.3}% 63
\BOOKMARK [0][-]{chapter*.9}{\376\377\0006\307\245\000.\000\040\262\344\300\301\000\040\255\120\321\265\000\040\307\164\270\140\000\040\254\260\325\151\000\040\272\250\263\170\000\040\254\034\274\034}{}% 64
\BOOKMARK [1][-]{section.6.1}{\376\377\262\344\300\301\000\040\255\120\321\265\000\040\307\164\270\140\307\130\000\040\322\271\301\061\000\040\315\224\315\234}{chapter*.9}% 65
\BOOKMARK [2][-]{subsection.6.1.1}{\376\377\262\344\300\301\000\040\255\120\321\265\000\040\307\164\270\140\307\130\000\040\254\034\261\120\000\040\300\254\306\251}{section.6.1}% 66
\BOOKMARK [2][-]{subsection.6.1.2}{\376\377\262\344\300\301\000\040\255\120\321\265\000\040\307\164\270\140\307\130\000\040\300\301\320\334\310\004\307\164\000\040\310\001\306\251}{section.6.1}% 67
\BOOKMARK [1][-]{section.6.2}{\376\377\262\344\300\301\000\040\255\120\321\265\000\040\307\164\270\140\000\040\254\260\325\151\000\040\272\250\263\170\307\130\000\040\272\250\302\335\310\001\000\040\301\044\254\304\000\040\274\017\000\040\325\164\301\035}{chapter*.9}% 68
\BOOKMARK [2][-]{subsection.6.2.1}{\376\377\300\301\320\334\000\040\310\004\307\164\000\040\326\125\271\140\000\040\325\211\270\054\000\050\000S\000\051}{section.6.2}% 69
\BOOKMARK [2][-]{subsection.6.2.2}{\376\377\300\301\320\334\000\040\306\001\325\245\000\040\325\211\270\054\000\050\000P\000\051}{section.6.2}% 70
\BOOKMARK [2][-]{subsection.6.2.3}{\376\377\300\301\320\334\000\040\310\004\307\164\000\040\306\001\325\245\000\040\325\211\270\054\000\050\000H\000\051}{section.6.2}% 71
\BOOKMARK [2][-]{subsection.6.2.4}{\376\377\310\004\314\264\000\040\310\001\306\251}{section.6.2}% 72
\BOOKMARK [1][-]{section.6.3}{\376\377\262\344\300\301\000\040\255\120\321\265\000\040\307\164\270\140\000\040\254\260\325\151\000\040\272\250\263\170\307\130\000\040\302\030\302\335\310\001\000\040\301\044\254\304}{chapter*.9}% 73
\BOOKMARK [1][-]{section.6.4}{\376\377\262\344\300\301\000\040\255\120\321\265\000\040\307\164\270\140\000\040\254\260\325\151\000\040\272\250\263\170\307\130\000\040\307\164\270\140\310\001\000\040\310\025\271\275}{chapter*.9}% 74
\BOOKMARK [0][-]{chapter*.10}{\376\377\0007\307\245\000.\000\040\263\160\307\164\321\060\000\040\255\154\301\061}{}% 75
\BOOKMARK [0][-]{chapter*.11}{\376\377\0008\307\245\000.\000\040\254\260\325\151\000\040\272\250\263\170\000\040\302\344\325\330\000\040\274\017\000\040\323\311\254\000}{}% 76
\BOOKMARK [0][-]{chapter*.12}{\376\377\0009\307\245\000.\000\040\000C\000a\000s\000e\000\040\000S\000t\000u\000d\000y}{}% 77
\BOOKMARK [0][-]{chapter*.13}{\376\377\0001\0000\307\245\000.\000\040\254\260\270\140\000\040\274\017\000\040\325\245\326\304\000\040\305\360\255\154\000\040\254\374\310\034}{}% 78
\BOOKMARK [0][-]{chapter*.13}{\376\377\314\070\254\340\273\070\325\314}{}% 79
\BOOKMARK [0][-]{appendix*.15}{\376\377\275\200\270\135}{}% 80
\BOOKMARK [1][-]{section.Alph0.1}{\376\377\275\200\270\135\000\040\314\253\274\210\311\370\000\040\310\034\272\251}{appendix*.15}% 81
\BOOKMARK [1][-]{section.Alph0.2}{\376\377\275\200\270\135\000\040\264\120\274\210\311\370\000\040\310\034\272\251}{appendix*.15}% 82
\BOOKMARK [0][-]{section.Alph0.2}{\376\377\300\311\307\170}{}% 83
