\BOOKMARK [0][-]{Doc-Start}{\376\377\315\010\270\135}{}% 1
\BOOKMARK [0][-]{Doc-Start}{\376\377\000A\000b\000s\000t\000r\000a\000c\000t}{}% 2
\BOOKMARK [0][-]{Doc-Start}{\376\377\272\251\314\050}{}% 3
\BOOKMARK [0][-]{chapter*.1}{\376\377\324\134\000\040\272\251\314\050}{}% 4
\BOOKMARK [0][-]{chapter*.2}{\376\377\255\370\271\274\000\040\272\251\314\050}{}% 5
\BOOKMARK [0][-]{chapter*.4}{\376\377\0001\307\245\000.\000\040\301\034\270\140}{}% 6
\BOOKMARK [1][-]{section.1.1}{\376\377\305\360\255\154\307\130\000\040\274\060\254\275\000\040\274\017\000\040\272\251\310\001}{chapter*.4}% 7
\BOOKMARK [1][-]{section.1.2}{\376\377\305\360\255\154\307\130\000\040\274\224\307\004\000\040\274\017\000\040\274\051\274\225}{chapter*.4}% 8
\BOOKMARK [2][-]{subsection.1.2.1}{\376\377\305\360\255\154\307\130\000\040\274\224\307\004}{section.1.2}% 9
\BOOKMARK [2][-]{subsection.1.2.2}{\376\377\305\360\255\154\307\130\000\040\274\051\274\225\000\040\274\017\000\040\260\264\306\251}{section.1.2}% 10
\BOOKMARK [0][-]{chapter*.7}{\376\377\0002\307\245\000.\000\040\307\164\270\140\000\040\274\017\000\040\301\040\325\211\305\360\255\154\000\040\254\340\314\060}{}% 11
\BOOKMARK [1][-]{section.2.1}{\376\377\255\000\270\050\000\040\307\164\270\140\000\040\254\340\314\060}{chapter*.7}% 12
\BOOKMARK [2][-]{subsection.2.1.1}{\376\377\307\170\254\365\000\040\302\340\254\275\271\335\000\050\000A\000N\000N\000\051}{section.2.1}% 13
\BOOKMARK [2][-]{subsection.2.1.2}{\376\377\302\340\254\275\271\335\000\040\325\131\302\265}{section.2.1}% 14
\BOOKMARK [2][-]{subsection.2.1.3}{\376\377\302\034\326\130\302\340\254\275\271\335\000\050\000R\000N\000N\000\051}{section.2.1}% 15
\BOOKMARK [1][-]{section.2.2}{\376\377\301\040\325\211\305\360\255\154\000\040\254\340\314\060}{chapter*.7}% 16
\BOOKMARK [2][-]{subsection.2.2.1}{\376\377\265\045\267\354\262\335\000\040\256\060\274\030\000\040\301\040\325\211\305\360\255\154}{section.2.2}% 17
\BOOKMARK [2][-]{subsection.2.2.2}{\376\377\302\334\254\304\305\364\000\040\306\010\316\041\000\040\256\060\274\030\000\040\301\040\325\211\305\360\255\154}{section.2.2}% 18
\BOOKMARK [2][-]{subsection.2.2.3}{\376\377\302\030\271\254\310\001\000\040\272\250\263\170\000\040\256\060\274\030\000\040\301\040\325\211\305\360\255\154}{section.2.2}% 19
\BOOKMARK [2][-]{subsection.2.2.4}{\376\377\255\155\260\264\000\040\255\120\321\265\000\040\306\010\316\041\000\040\300\254\270\100}{section.2.2}% 20
\BOOKMARK [2][-]{subsection.2.2.5}{\376\377\255\155\306\170\000\040\255\120\321\265\000\040\306\010\316\041\000\040\300\254\270\100}{section.2.2}% 21
\BOOKMARK [2][-]{subsection.2.2.6}{\376\377\256\060\310\164\000\040\305\360\255\154\306\100\307\130\000\040\314\050\274\304\301\061}{section.2.2}% 22
\BOOKMARK [0][-]{chapter*.18}{\376\377\0003\307\245\000.\000\040\272\250\263\170\000\040\255\154\315\225\000\040\274\051\325\245}{}% 23
\BOOKMARK [1][-]{section.3.1}{\376\377\256\060\274\030\000\040\272\250\263\170\000\040\301\040\310\025}{chapter*.18}% 24
\BOOKMARK [2][-]{subsection.3.1.1}{\376\377\000G\000R\000U}{section.3.1}% 25
\BOOKMARK [2][-]{subsection.3.1.2}{\376\377\315\251\254\251\323\014\000\040\307\164\270\140\000\050\000L\000W\000R\000\051}{section.3.1}% 26
\BOOKMARK [2][-]{subsection.3.1.3}{\376\377\262\164\306\360\307\130\000\040\255\000\301\061\000\040\272\250\263\170}{section.3.1}% 27
\BOOKMARK [2][-]{subsection.3.1.4}{\376\377\262\344\300\301\000\040\255\120\321\265\000\040\307\164\270\140}{section.3.1}% 28
\BOOKMARK [1][-]{section.3.2}{\376\377\263\160\307\164\321\060\000\040\321\134\325\014\271\277}{chapter*.18}% 29
\BOOKMARK [2][-]{subsection.3.2.1}{\376\377\315\234\270\045\000\040\274\300\302\030}{section.3.2}% 30
\BOOKMARK [2][-]{subsection.3.2.2}{\376\377\306\224\255\154\000\040\307\040\307\130\000\040\274\300\302\030\000\040\301\044\310\025}{section.3.2}% 31
\BOOKMARK [2][-]{subsection.3.2.3}{\376\377\263\160\307\164\321\060\307\130\000\040\000S\000h\000a\000p\000e}{section.3.2}% 32
\BOOKMARK [0][-]{chapter*.30}{\376\377\0004\307\245\000.\000\040\315\251\254\251\323\014\000\040\307\164\270\140\000\040\254\260\325\151\000\040\272\250\263\170\000\040\254\034\274\034}{}% 33
\BOOKMARK [1][-]{section.4.1}{\376\377\315\251\254\251\323\014\000\040\307\164\270\140\307\130\000\040\322\271\301\061\000\040\315\224\315\234}{chapter*.30}% 34
\BOOKMARK [2][-]{subsection.4.1.1}{\376\377\315\251\254\251\323\014\000\040\307\164\270\140\307\130\000\040\254\034\261\120\000\040\300\254\306\251}{section.4.1}% 35
\BOOKMARK [2][-]{subsection.4.1.2}{\376\377\315\251\254\251\323\014\000\040\301\215\263\304\307\130\000\040\300\254\306\251}{section.4.1}% 36
\BOOKMARK [2][-]{subsection.4.1.3}{\376\377\306\010\316\041\000\040\254\260\254\374\000\040\325\164\301\035\305\320\000\040\300\254\306\251\325\140\000\040\315\251\254\251\323\014\000\040\307\164\270\140}{section.4.1}% 37
\BOOKMARK [1][-]{section.4.2}{\376\377\315\251\254\251\323\014\000\040\307\164\270\140\000\040\254\260\325\151\000\040\272\250\263\170\307\130\000\040\272\250\302\335\310\001\000\040\301\044\254\304\000\040\274\017\000\040\325\164\301\035}{chapter*.30}% 38
\BOOKMARK [2][-]{subsection.4.2.1}{\376\377\000G\000R\000U\305\320\000\040\263\000\325\134\000\040\315\251\254\251\323\014\000\040\307\164\270\140\307\130\000\040\254\160\302\334\310\001\000\040\310\001\306\251\310\020}{section.4.2}% 39
\BOOKMARK [2][-]{subsection.4.2.2}{\376\377\315\251\254\251\323\014\000\040\301\215\263\304\307\130\000\040\300\260\315\234}{section.4.2}% 40
\BOOKMARK [2][-]{subsection.4.2.3}{\376\377\315\251\254\251\323\014\000\040\000R\000e\000g\000u\000l\000a\000r\000i\000z\000a\000t\000i\000o\000n}{section.4.2}% 41
\BOOKMARK [1][-]{section.4.3}{\376\377\315\251\254\251\323\014\000\040\307\164\270\140\000\040\254\260\325\151\000\040\272\250\263\170\307\130\000\040\302\030\302\335\310\001\000\040\301\044\254\304}{chapter*.30}% 42
\BOOKMARK [2][-]{subsection.4.3.1}{\376\377\000G\000R\000U\305\320\000\040\263\000\325\134\000\040\315\251\254\251\323\014\000\040\307\164\270\140\307\130\000\040\254\160\302\334\310\001\000\040\310\001\306\251\310\020\307\130\000\040\302\030\302\335}{section.4.3}% 43
\BOOKMARK [2][-]{subsection.4.3.2}{\376\377\315\251\254\251\323\014\000\040\301\215\263\304\307\130\000\040\300\260\315\234}{section.4.3}% 44
\BOOKMARK [2][-]{subsection.4.3.3}{\376\377\315\251\254\251\323\014\000\040\000R\000e\000g\000u\000l\000a\000r\000i\000z\000a\000t\000i\000o\000n}{section.4.3}% 45
\BOOKMARK [1][-]{section.4.4}{\376\377\315\251\254\251\323\014\000\040\307\164\270\140\000\040\254\260\325\151\000\040\272\250\263\170\307\130\000\040\307\164\270\140\310\001\000\040\310\025\271\275}{chapter*.30}% 46
\BOOKMARK [2][-]{subsection.4.4.1}{\376\377\000A\000N\000N\256\060\274\030\000\040\315\251\254\251\323\014\000\040\307\164\270\140\000\040\254\260\325\151\000\040\272\250\263\170}{section.4.4}% 47
\BOOKMARK [2][-]{subsection.4.4.2}{\376\377\324\134\311\000\323\270\314\050\000\040\256\060\274\030\000\040\315\251\254\251\323\014\000\040\307\164\270\140\000\040\254\260\325\151\000\040\272\250\263\170}{section.4.4}% 48
\BOOKMARK [2][-]{subsection.4.4.3}{\376\377\307\164\263\331\323\311\255\340\000\040\256\060\274\030\000\040\315\251\254\251\323\014\000\040\307\164\270\140\000\040\254\260\325\151\000\040\272\250\263\170}{section.4.4}% 49
\BOOKMARK [2][-]{subsection.4.4.4}{\376\377\000L\000W\000R\256\060\274\030\000\040\315\251\254\251\323\014\000\040\307\164\270\140\000\040\254\260\325\151\000\040\272\250\263\170}{section.4.4}% 50
\BOOKMARK [0][-]{chapter*.38}{\376\377\0005\307\245\000.\000\040\262\164\306\360\307\130\000\040\255\000\301\061\000\040\272\250\263\170\000\040\254\260\325\151\000\040\272\250\263\170\000\040\254\034\274\034}{}% 51
\BOOKMARK [1][-]{section.5.1}{\376\377\262\164\306\360\307\130\000\040\314\050\267\311\315\224\310\205\272\250\263\170\000\040\322\271\301\061\000\040\315\224\315\234}{chapter*.38}% 52
\BOOKMARK [2][-]{subsection.5.1.1}{\376\377\262\164\306\360\307\130\000\040\255\000\301\061\000\040\272\250\263\170\307\130\000\040\254\034\261\120\000\040\300\254\306\251}{section.5.1}% 53
\BOOKMARK [2][-]{subsection.5.1.2}{\376\377\276\104\301\040\326\025\000\040\301\215\263\304\000\040\274\030\307\121\000\040\325\150\302\030\000\040\300\254\306\251}{section.5.1}% 54
\BOOKMARK [1][-]{section.5.2}{\376\377\262\164\306\360\307\130\000\040\255\000\301\061\000\040\272\250\263\170\000\040\254\260\325\151\000\040\272\250\263\170\307\130\000\040\272\250\302\335\310\001\000\040\301\044\254\304\000\040\274\017\000\040\325\164\301\035}{chapter*.38}% 55
\BOOKMARK [2][-]{subsection.5.2.1}{\376\377\262\164\306\360\307\130\000\040\255\000\301\061\000\040\272\250\263\170\000\040\254\260\325\151\000\040\272\250\263\170\307\130\000\040\310\001\306\251\310\020}{section.5.2}% 56
\BOOKMARK [2][-]{subsection.5.2.2}{\376\377\276\104\301\040\326\025\000\040\301\215\263\304\000\040\274\030\307\121\000\040\325\150\302\030\307\130\000\040\302\030\310\025}{section.5.2}% 57
\BOOKMARK [2][-]{subsection.5.2.3}{\376\377\302\334\254\004\000\040\311\300\305\360\307\130\000\040\310\001\306\251}{section.5.2}% 58
\BOOKMARK [1][-]{section.5.3}{\376\377\262\164\306\360\307\130\000\040\255\000\301\061\000\040\272\250\263\170\000\040\254\260\325\151\000\040\272\250\263\170\307\130\000\040\302\030\302\335\310\001\000\040\301\044\254\304}{chapter*.38}% 59
\BOOKMARK [2][-]{subsection.5.3.1}{\376\377\276\104\301\040\326\025\000\040\301\215\263\304\000\040\274\030\307\121\000\040\325\150\302\030}{section.5.3}% 60
\BOOKMARK [2][-]{subsection.5.3.2}{\376\377\302\334\254\004\000\040\311\300\305\360}{section.5.3}% 61
\BOOKMARK [2][-]{subsection.5.3.3}{\376\377\000G\000R\000U\000\040\310\001\306\251}{section.5.3}% 62
\BOOKMARK [0][-]{chapter*.41}{\376\377\0006\307\245\000.\000\040\262\344\300\301\000\040\255\120\321\265\000\040\307\164\270\140\000\040\254\260\325\151\000\040\272\250\263\170\000\040\254\034\274\034}{}% 63
\BOOKMARK [1][-]{section.6.1}{\376\377\262\344\300\301\000\040\255\120\321\265\000\040\307\164\270\140\307\130\000\040\322\271\301\061\000\040\315\224\315\234}{chapter*.41}% 64
\BOOKMARK [2][-]{subsection.6.1.1}{\376\377\262\344\300\301\000\040\255\120\321\265\000\040\307\164\270\140\307\130\000\040\300\301\320\334\310\004\307\164\000\040\326\250\254\374\000\040\310\001\306\251}{section.6.1}% 65
\BOOKMARK [1][-]{section.6.2}{\376\377\262\344\300\301\000\040\255\120\321\265\000\040\307\164\270\140\000\040\254\260\325\151\000\040\272\250\263\170\307\130\000\040\272\250\302\335\310\001\000\040\301\044\254\304\000\040\274\017\000\040\325\164\301\035}{chapter*.41}% 66
\BOOKMARK [2][-]{subsection.6.2.1}{\376\377\300\301\320\334\000\040\310\004\307\164\000\040\326\125\271\140\000\040\325\211\270\054\000\050\000S\000\051}{section.6.2}% 67
\BOOKMARK [2][-]{subsection.6.2.2}{\376\377\300\301\320\334\000\040\306\001\325\245\000\040\325\211\270\054\000\050\000P\000\051}{section.6.2}% 68
\BOOKMARK [2][-]{subsection.6.2.3}{\376\377\300\301\320\334\000\040\310\004\307\164\000\040\306\001\325\245\000\040\325\211\270\054\000\050\000H\000\051}{section.6.2}% 69
\BOOKMARK [2][-]{subsection.6.2.4}{\376\377\310\004\314\264\000\040\310\001\306\251}{section.6.2}% 70
\BOOKMARK [1][-]{section.6.3}{\376\377\262\344\300\301\000\040\255\120\321\265\000\040\307\164\270\140\000\040\254\260\325\151\000\040\272\250\263\170\307\130\000\040\302\030\302\335\310\001\000\040\301\044\254\304}{chapter*.41}% 71
\BOOKMARK [2][-]{subsection.6.3.1}{\376\377\300\301\320\334\000\040\310\004\307\164\000\040\326\125\271\140\000\040\325\211\270\054\000\040\000\040\000S\000\040}{section.6.3}% 72
\BOOKMARK [2][-]{subsection.6.3.2}{\376\377\300\301\320\334\000\040\306\001\325\245\000\040\325\211\270\054\000\040\000\040\000P\000\040}{section.6.3}% 73
\BOOKMARK [2][-]{subsection.6.3.3}{\376\377\300\301\320\334\000\040\310\004\307\164\000\040\306\001\325\245\000\040\325\211\270\054\000\040\000\040\000H\000\040}{section.6.3}% 74
\BOOKMARK [1][-]{section.6.4}{\376\377\262\344\300\301\000\040\255\120\321\265\000\040\307\164\270\140\000\040\254\260\325\151\000\040\272\250\263\170\307\130\000\040\307\164\270\140\310\001\000\040\310\025\271\275}{chapter*.41}% 75
\BOOKMARK [2][-]{subsection.6.4.1}{\376\377\300\301\320\334\000\040\310\004\307\164\000\040\326\125\271\140\000\040\254\304\300\260}{section.6.4}% 76
\BOOKMARK [2][-]{subsection.6.4.2}{\376\377\300\301\320\334\000\040\306\001\325\245\000\040\325\211\270\054\000\040\254\304\300\260}{section.6.4}% 77
\BOOKMARK [2][-]{subsection.6.4.3}{\376\377\326\004\307\254\000\040\300\301\320\334\000\040\254\260\310\025}{section.6.4}% 78
\BOOKMARK [2][-]{subsection.6.4.4}{\376\377\307\164\310\004\000\040\300\301\320\334\306\100\000\040\300\301\320\334\000\040\310\004\307\164\000\040\306\001\325\245\000\040\254\304\300\260}{section.6.4}% 79
\BOOKMARK [2][-]{subsection.6.4.5}{\376\377\326\004\307\254\000\040\300\301\320\334\000\040\306\001\325\245\000\040\254\304\300\260}{section.6.4}% 80
\BOOKMARK [2][-]{subsection.6.4.6}{\376\377\302\344\311\310\000\040\000G\000R\000U\000\040\305\360\300\260}{section.6.4}% 81
\BOOKMARK [2][-]{subsection.6.4.7}{\376\377\300\301\320\334\000\040\306\001\325\245\000\040\274\017\000\040\300\301\320\334\000\040\310\004\307\164\000\040\306\001\325\245\000\040\274\030\306\001}{section.6.4}% 82
\BOOKMARK [0][-]{chapter*.47}{\376\377\0007\307\245\000.\000\040\263\160\307\164\321\060\000\040\255\154\301\061}{}% 83
\BOOKMARK [1][-]{section.7.1}{\376\377\263\160\307\164\321\060\000\040\255\154\301\061\000\040\254\374\310\025}{chapter*.47}% 84
\BOOKMARK [1][-]{section.7.2}{\376\377\263\160\307\164\321\060\000\040\302\030\311\321}{chapter*.47}% 85
\BOOKMARK [2][-]{subsection.7.2.1}{\376\377\255\120\321\265\000\040\311\301\310\021\000\040\274\300\302\030}{section.7.2}% 86
\BOOKMARK [2][-]{subsection.7.2.2}{\376\377\263\304\270\134\326\130\254\275\274\300\302\030}{section.7.2}% 87
\BOOKMARK [2][-]{subsection.7.2.3}{\376\377\256\060\300\301\326\130\254\275\274\300\302\030}{section.7.2}% 88
\BOOKMARK [2][-]{subsection.7.2.4}{\376\377\255\120\321\265\302\030\306\224\254\365\254\365\274\300\302\030}{section.7.2}% 89
\BOOKMARK [2][-]{subsection.7.2.5}{\376\377\314\050\267\311\326\004\326\151\274\300\302\030}{section.7.2}% 90
\BOOKMARK [2][-]{subsection.7.2.6}{\376\377\306\320\302\334\000\040\263\160\307\164\321\060\000\040\306\224\305\175}{section.7.2}% 91
\BOOKMARK [2][-]{subsection.7.2.7}{\376\377\263\160\307\164\321\060\000\040\322\271\307\164\300\254\325\155}{section.7.2}% 92
\BOOKMARK [1][-]{section.7.3}{\376\377\263\160\307\164\321\060\000\040\310\004\314\230\271\254}{chapter*.47}% 93
\BOOKMARK [2][-]{subsection.7.3.1}{\376\377\263\160\307\164\321\060\000\040\310\004\314\230\271\254\000\040\254\034\306\224}{section.7.3}% 94
\BOOKMARK [2][-]{subsection.7.3.2}{\376\377\307\040\307\130\000\040\274\300\302\030\000\040\301\044\310\025}{section.7.3}% 95
\BOOKMARK [1][-]{section.7.4}{\376\377\254\260\316\041\316\130\000\040\274\364\310\025}{chapter*.47}% 96
\BOOKMARK [2][-]{subsection.7.4.1}{\376\377\254\260\316\041\316\130\000\040\320\320\300\311}{section.7.4}% 97
\BOOKMARK [2][-]{subsection.7.4.2}{\376\377\254\260\316\041\316\130\000\040\274\364\310\025}{section.7.4}% 98
\BOOKMARK [1][-]{section.7.5}{\376\377\263\160\307\164\321\060\000\040\321\265\325\151}{chapter*.47}% 99
\BOOKMARK [2][-]{subsection.7.5.1}{\376\377\263\160\307\164\321\060\000\040\275\210\267\354\306\044\256\060}{section.7.5}% 100
\BOOKMARK [2][-]{subsection.7.5.2}{\376\377\301\214\321\265\000\040\263\160\307\164\321\060\000\040\263\314\274\034\000\040\263\160\307\164\321\060\000\040\321\265\325\151}{section.7.5}% 101
\BOOKMARK [2][-]{subsection.7.5.3}{\376\377\261\170\264\334\271\301\320\154\000\040\263\160\307\164\321\060\000\040\321\265\325\151}{section.7.5}% 102
\BOOKMARK [2][-]{subsection.7.5.4}{\376\377\274\051\307\254\000\040\263\160\307\164\321\060\306\100\000\040\311\300\310\020\000\040\263\160\307\164\321\060\000\040\254\260\325\151}{section.7.5}% 103
\BOOKMARK [2][-]{subsection.7.5.5}{\376\377\256\060\300\301\000\040\254\260\325\151\000\040\263\160\307\164\321\060\000\040\321\265\325\151}{section.7.5}% 104
\BOOKMARK [2][-]{subsection.7.5.6}{\376\377\326\074\307\241\276\110\263\304\000\040\263\160\307\164\321\060\000\040\321\265\325\151}{section.7.5}% 105
\BOOKMARK [2][-]{subsection.7.5.7}{\376\377\255\370\000\040\306\170\000\040\263\160\307\164\321\060\000\040\254\260\325\151}{section.7.5}% 106
\BOOKMARK [2][-]{subsection.7.5.8}{\376\377\315\134\310\205\000\040\263\160\307\164\321\060\000\040\300\260\315\234}{section.7.5}% 107
\BOOKMARK [0][-]{chapter*.71}{\376\377\0008\307\245\000.\000\040\302\344\311\235\000\040\305\360\255\154\000:\000\040\254\260\325\151\000\040\272\250\263\170\000\040\302\344\325\330\000\040\274\017\000\040\323\311\254\000}{}% 108
\BOOKMARK [1][-]{section.8.1}{\376\377\272\250\263\170\000\040\254\034\274\034}{chapter*.71}% 109
